Component: ARM Compiler 5.06 update 3 (build 300) Tool: armlink [4d35c9]

==============================================================================

Section Cross References

    startup_stm32f103xe.o(RESET) refers to startup_stm32f103xe.o(STACK) for __initial_sp
    startup_stm32f103xe.o(RESET) refers to startup_stm32f103xe.o(.text) for Reset_Handler
    startup_stm32f103xe.o(RESET) refers to stm32f1xx_it.o(i.NMI_Handler) for NMI_Handler
    startup_stm32f103xe.o(RESET) refers to stm32f1xx_it.o(i.HardFault_Handler) for HardFault_Handler
    startup_stm32f103xe.o(RESET) refers to stm32f1xx_it.o(i.MemManage_Handler) for MemManage_Handler
    startup_stm32f103xe.o(RESET) refers to stm32f1xx_it.o(i.BusFault_Handler) for BusFault_Handler
    startup_stm32f103xe.o(RESET) refers to stm32f1xx_it.o(i.UsageFault_Handler) for UsageFault_Handler
    startup_stm32f103xe.o(RESET) refers to stm32f1xx_it.o(i.SVC_Handler) for SVC_Handler
    startup_stm32f103xe.o(RESET) refers to stm32f1xx_it.o(i.DebugMon_Handler) for DebugMon_Handler
    startup_stm32f103xe.o(RESET) refers to stm32f1xx_it.o(i.PendSV_Handler) for PendSV_Handler
    startup_stm32f103xe.o(RESET) refers to stm32f1xx_it.o(i.SysTick_Handler) for SysTick_Handler
    startup_stm32f103xe.o(RESET) refers to stm32f1xx_it.o(i.EXTI3_IRQHandler) for EXTI3_IRQHandler
    startup_stm32f103xe.o(RESET) refers to stm32f1xx_it.o(i.TIM1_UP_IRQHandler) for TIM1_UP_IRQHandler
    startup_stm32f103xe.o(RESET) refers to stm32f1xx_it.o(i.USART1_IRQHandler) for USART1_IRQHandler
    startup_stm32f103xe.o(RESET) refers to stm32f1xx_it.o(i.USART2_IRQHandler) for USART2_IRQHandler
    startup_stm32f103xe.o(RESET) refers to stm32f1xx_it.o(i.USART3_IRQHandler) for USART3_IRQHandler
    startup_stm32f103xe.o(RESET) refers to stm32f1xx_it.o(i.EXTI15_10_IRQHandler) for EXTI15_10_IRQHandler
    startup_stm32f103xe.o(.text) refers to system_stm32f1xx.o(i.SystemInit) for SystemInit
    startup_stm32f103xe.o(.text) refers to entry.o(.ARM.Collect$$$$00000000) for __main
    pid.o(i.PID_Calc) refers to fadd.o(.text) for __aeabi_fsub
    pid.o(i.PID_Calc) refers to fmul.o(.text) for __aeabi_fmul
    pid.o(i.PID_Calc) refers to cfrcmple.o(.text) for __aeabi_cfrcmple
    pid.o(i.PID_Calc) refers to f2d.o(.text) for __aeabi_f2d
    pid.o(i.PID_Calc) refers to printfa.o(i.__0printf) for __2printf
    pid.o(i.PID_Calc) refers to pid.o(.data) for .data
    motor.o(i.openmv_turnleft) refers to motor.o(i.pid_go) for pid_go
    motor.o(i.openmv_turnleft) refers to motor.o(i.set_stop) for set_stop
    motor.o(i.openmv_turnleft) refers to motor.o(i.set_stright_go) for set_stright_go
    motor.o(i.openmv_turnleft) refers to motor.o(i.set_stright_turnleft) for set_stright_turnleft
    motor.o(i.openmv_turnleft) refers to openmv.o(.data) for Centre
    motor.o(i.openmv_turnleft) refers to main.o(.data) for motor_1_pwm_nomal
    motor.o(i.openmv_turnleft) refers to tim.o(.bss) for htim4
    motor.o(i.openmv_turnright) refers to motor.o(i.pid_go) for pid_go
    motor.o(i.openmv_turnright) refers to motor.o(i.set_stop) for set_stop
    motor.o(i.openmv_turnright) refers to motor.o(i.set_stright_go) for set_stright_go
    motor.o(i.openmv_turnright) refers to motor.o(i.set_stright_turnright) for set_stright_turnright
    motor.o(i.openmv_turnright) refers to openmv.o(.data) for Centre
    motor.o(i.openmv_turnright) refers to main.o(.data) for motor_1_pwm_nomal
    motor.o(i.openmv_turnright) refers to tim.o(.bss) for htim4
    motor.o(i.pid_go) refers to ffltui.o(.text) for __aeabi_ui2f
    motor.o(i.pid_go) refers to fflti.o(.text) for __aeabi_i2f
    motor.o(i.pid_go) refers to pid.o(i.PID_Calc) for PID_Calc
    motor.o(i.pid_go) refers to fadd.o(.text) for __aeabi_fadd
    motor.o(i.pid_go) refers to ffixi.o(.text) for __aeabi_f2iz
    motor.o(i.pid_go) refers to cfrcmple.o(.text) for __aeabi_cfrcmple
    motor.o(i.pid_go) refers to cfcmple.o(.text) for __aeabi_cfcmple
    motor.o(i.pid_go) refers to printfa.o(i.__0printf) for __2printf
    motor.o(i.pid_go) refers to motor.o(i.set_go) for set_go
    motor.o(i.pid_go) refers to openmv.o(.data) for stright
    motor.o(i.pid_go) refers to pid.o(.data) for stright_max
    motor.o(i.pid_go) refers to main.o(.data) for motor_1_pwm_nomal
    motor.o(i.pid_go) refers to tim.o(.bss) for htim4
    motor.o(i.pid_go) refers to pid.o(.data) for stright_min
    motor.o(i.pid_go) refers to pid.o(.data) for stright_normal
    motor.o(i.pid_go) refers to pid.o(.data) for output
    motor.o(i.set_go) refers to stm32f1xx_hal_gpio.o(i.HAL_GPIO_WritePin) for HAL_GPIO_WritePin
    motor.o(i.set_go) refers to stm32f1xx_hal.o(i.HAL_Delay) for HAL_Delay
    motor.o(i.set_stop) refers to stm32f1xx_hal_gpio.o(i.HAL_GPIO_WritePin) for HAL_GPIO_WritePin
    motor.o(i.set_stop) refers to stm32f1xx_hal.o(i.HAL_Delay) for HAL_Delay
    motor.o(i.set_stright_go) refers to ffixui.o(.text) for __aeabi_f2uiz
    motor.o(i.set_stright_go) refers to motor.o(i.set_go) for set_go
[...]
    ../Core/Src/main.c                       0x00000000   Number         0  main.o ABSOLUTE
    ../Core/Src/spi.c                        0x00000000   Number         0  spi.o ABSOLUTE
    ../Core/Src/stm32f1xx_hal_msp.c          0x00000000   Number         0  stm32f1xx_hal_msp.o ABSOLUTE
    ../Core/Src/stm32f1xx_it.c               0x00000000   Number         0  stm32f1xx_it.o ABSOLUTE
    ../Core/Src/system_stm32f1xx.c           0x00000000   Number         0  system_stm32f1xx.o ABSOLUTE
    ../Core/Src/tim.c                        0x00000000   Number         0  tim.o ABSOLUTE
    ../Core/Src/usart.c                      0x00000000   Number         0  usart.o ABSOLUTE
    ../Drivers/STM32F1xx_HAL_Driver/Src/stm32f1xx_hal.c 0x00000000   Number         0  stm32f1xx_hal.o ABSOLUTE
    ../Drivers/STM32F1xx_HAL_Driver/Src/stm32f1xx_hal_cortex.c 0x00000000   Number         0  stm32f1xx_hal_cortex.o ABSOLUTE
    ../Drivers/STM32F1xx_HAL_Driver/Src/stm32f1xx_hal_dma.c 0x00000000   Number         0  stm32f1xx_hal_dma.o ABSOLUTE
    ../Drivers/STM32F1xx_HAL_Driver/Src/stm32f1xx_hal_exti.c 0x00000000   Number         0  stm32f1xx_hal_exti.o ABSOLUTE
    ../Drivers/STM32F1xx_HAL_Driver/Src/stm32f1xx_hal_flash.c 0x00000000   Number         0  stm32f1xx_hal_flash.o ABSOLUTE
    ../Drivers/STM32F1xx_HAL_Driver/Src/stm32f1xx_hal_flash_ex.c 0x00000000   Number         0  stm32f1xx_hal_flash_ex.o ABSOLUTE
    ../Drivers/STM32F1xx_HAL_Driver/Src/stm32f1xx_hal_gpio.c 0x00000000   Number         0  stm32f1xx_hal_gpio.o ABSOLUTE
    ../Drivers/STM32F1xx_HAL_Driver/Src/stm32f1xx_hal_gpio_ex.c 0x00000000   Number         0  stm32f1xx_hal_gpio_ex.o ABSOLUTE
    ../Drivers/STM32F1xx_HAL_Driver/Src/stm32f1xx_hal_pwr.c 0x00000000   Number         0  stm32f1xx_hal_pwr.o ABSOLUTE
    ../Drivers/STM32F1xx_HAL_Driver/Src/stm32f1xx_hal_rcc.c 0x00000000   Number         0  stm32f1xx_hal_rcc.o ABSOLUTE
    ../Drivers/STM32F1xx_HAL_Driver/Src/stm32f1xx_hal_rcc_ex.c 0x00000000   Number         0  stm32f1xx_hal_rcc_ex.o ABSOLUTE
    ../Drivers/STM32F1xx_HAL_Driver/Src/stm32f1xx_hal_spi.c 0x00000000   Number         0  stm32f1xx_hal_spi.o ABSOLUTE
    ../Drivers/STM32F1xx_HAL_Driver/Src/stm32f1xx_hal_tim.c 0x00000000   Number         0  stm32f1xx_hal_tim.o ABSOLUTE
    ../Drivers/STM32F1xx_HAL_Driver/Src/stm32f1xx_hal_tim_ex.c 0x00000000   Number         0  stm32f1xx_hal_tim_ex.o ABSOLUTE
    ../Drivers/STM32F1xx_HAL_Driver/Src/stm32f1xx_hal_uart.c 0x00000000   Number         0  stm32f1xx_hal_uart.o ABSOLUTE
    ../clib/microlib/division.c              0x00000000   Number         0  uldiv.o ABSOLUTE
    ../clib/microlib/division.c              0x00000000   Number         0  uidiv.o ABSOLUTE
    ../clib/microlib/init/entry.s            0x00000000   Number         0  entry8a.o ABSOLUTE
    ../clib/microlib/init/entry.s            0x00000000   Number         0  entry9b.o ABSOLUTE
    ../clib/microlib/init/entry.s            0x00000000   Number         0  entry11b.o ABSOLUTE
    ../clib/microlib/init/entry.s            0x00000000   Number         0  entry.o ABSOLUTE
    ../clib/microlib/init/entry.s            0x00000000   Number         0  entry11a.o ABSOLUTE
    ../clib/microlib/init/entry.s            0x00000000   Number         0  entry10b.o ABSOLUTE
    ../clib/microlib/init/entry.s            0x00000000   Number         0  entry10a.o ABSOLUTE
    ../clib/microlib/init/entry.s            0x00000000   Number         0  entry9a.o ABSOLUTE
    ../clib/microlib/init/entry.s            0x00000000   Number         0  entry8b.o ABSOLUTE
    ../clib/microlib/init/entry.s            0x00000000   Number         0  entry7b.o ABSOLUTE
    ../clib/microlib/init/entry.s            0x00000000   Number         0  entry7a.o ABSOLUTE
    ../clib/microlib/init/entry.s            0x00000000   Number         0  entry5.o ABSOLUTE
    ../clib/microlib/init/entry.s            0x00000000   Number         0  entry2.o ABSOLUTE
    ../clib/microlib/longlong.c              0x00000000   Number         0  llsshr.o ABSOLUTE
    ../clib/microlib/longlong.c              0x00000000   Number         0  llushr.o ABSOLUTE
    ../clib/microlib/longlong.c              0x00000000   Number         0  llshl.o ABSOLUTE
    ../clib/microlib/printf/printf.c         0x00000000   Number         0  printf8.o ABSOLUTE
    ../clib/microlib/printf/printf.c         0x00000000   Number         0  printfa.o ABSOLUTE
    ../clib/microlib/printf/printf.c         0x00000000   Number         0  printf2.o ABSOLUTE
    ../clib/microlib/printf/printf.c         0x00000000   Number         0  printf4.o ABSOLUTE
    ../clib/microlib/printf/printf.c         0x00000000   Number         0  printf5.o ABSOLUTE
    ../clib/microlib/printf/printf.c         0x00000000   Number         0  printf1.o ABSOLUTE
    ../clib/microlib/printf/printf.c         0x00000000   Number         0  printf0.o ABSOLUTE
    ../clib/microlib/printf/printf.c         0x00000000   Number         0  printf3.o ABSOLUTE
    ../clib/microlib/printf/printf.c         0x00000000   Number         0  printfb.o ABSOLUTE
    ../clib/microlib/printf/printf.c         0x00000000   Number         0  printf6.o ABSOLUTE
    ../clib/microlib/printf/printf.c         0x00000000   Number         0  printf7.o ABSOLUTE
    ../clib/microlib/printf/stubs.s          0x00000000   Number         0  stubs.o ABSOLUTE
    ../clib/microlib/stdio/streams.c         0x00000000   Number         0  stdout.o ABSOLUTE
    ../clib/microlib/string/memset.c         0x00000000   Number         0  memseta.o ABSOLUTE
    ../clib/microlib/stubs.s                 0x00000000   Number         0  iusefp.o ABSOLUTE
    ../fplib/microlib/f2d.c                  0x00000000   Number         0  f2d.o ABSOLUTE
    ../fplib/microlib/fpadd.c                0x00000000   Number         0  fadd.o ABSOLUTE
    ../fplib/microlib/fpadd.c                0x00000000   Number         0  dadd.o ABSOLUTE
    ../fplib/microlib/fpdiv.c                0x00000000   Number         0  ddiv.o ABSOLUTE
    ../fplib/microlib/fpepilogue.c           0x00000000   Number         0  depilogue.o ABSOLUTE
    ../fplib/microlib/fpepilogue.c           0x00000000   Number         0  fepilogue.o ABSOLUTE
    ../fplib/microlib/fpfix.c                0x00000000   Number         0  dfixul.o ABSOLUTE
    ../fplib/microlib/fpfix.c                0x00000000   Number         0  ffixui.o ABSOLUTE
    ../fplib/microlib/fpfix.c                0x00000000   Number         0  ffixi.o ABSOLUTE
    ../fplib/microlib/fpflt.c                0x00000000   Number         0  fflti.o ABSOLUTE
    ../fplib/microlib/fpflt.c                0x00000000   Number         0  ffltui.o ABSOLUTE
    ../fplib/microlib/fpmul.c                0x00000000   Number         0  dmul.o ABSOLUTE
    ../fplib/microlib/fpmul.c                0x00000000   Number         0  fmul.o ABSOLUTE
    ..\Core\Src\TFTLCD\tftlcd.c              0x00000000   Number         0  tftlcd.o ABSOLUTE
    ..\Core\Src\gpio.c                       0x00000000   Number         0  gpio.o ABSOLUTE
    ..\Core\Src\main.c                       0x00000000   Number         0  main.o ABSOLUTE
    ..\Core\Src\motor.c                      0x00000000   Number         0  motor.o ABSOLUTE
    ..\Core\Src\openmv.c                     0x00000000   Number         0  openmv.o ABSOLUTE
    ..\Core\Src\pid.c                        0x00000000   Number         0  pid.o ABSOLUTE
    ..\Core\Src\spi.c                        0x00000000   Number         0  spi.o ABSOLUTE
    ..\Core\Src\stm32f1xx_hal_msp.c          0x00000000   Number         0  stm32f1xx_hal_msp.o ABSOLUTE
    ..\Core\Src\stm32f1xx_it.c               0x00000000   Number         0  stm32f1xx_it.o ABSOLUTE
    ..\Core\Src\system_stm32f1xx.c           0x00000000   Number         0  system_stm32f1xx.o ABSOLUTE
    ..\Core\Src\tim.c                        0x00000000   Number         0  tim.o ABSOLUTE
    ..\Core\Src\usart.c                      0x00000000   Number         0  usart.o ABSOLUTE
    ..\Drivers\STM32F1xx_HAL_Driver\Src\stm32f1xx_hal.c 0x00000000   Number         0  stm32f1xx_hal.o ABSOLUTE
    ..\Drivers\STM32F1xx_HAL_Driver\Src\stm32f1xx_hal_cortex.c 0x00000000   Number         0  stm32f1xx_hal_cortex.o ABSOLUTE
    ..\Drivers\STM32F1xx_HAL_Driver\Src\stm32f1xx_hal_dma.c 0x00000000   Number         0  stm32f1xx_hal_dma.o ABSOLUTE
    ..\Drivers\STM32F1xx_HAL_Driver\Src\stm32f1xx_hal_exti.c 0x00000000   Number         0  stm32f1xx_hal_exti.o ABSOLUTE
    ..\Drivers\STM32F1xx_HAL_Driver\Src\stm32f1xx_hal_flash.c 0x00000000   Number         0  stm32f1xx_hal_flash.o ABSOLUTE
    ..\Drivers\STM32F1xx_HAL_Driver\Src\stm32f1xx_hal_flash_ex.c 0x00000000   Number         0  stm32f1xx_hal_flash_ex.o ABSOLUTE
    ..\Drivers\STM32F1xx_HAL_Driver\Src\stm32f1xx_hal_gpio.c 0x00000000   Number         0  stm32f1xx_hal_gpio.o ABSOLUTE
    ..\Drivers\STM32F1xx_HAL_Driver\Src\stm32f1xx_hal_gpio_ex.c 0x00000000   Number         0  stm32f1xx_hal_gpio_ex.o ABSOLUTE
    ..\Drivers\STM32F1xx_HAL_Driver\Src\stm32f1xx_hal_pwr.c 0x00000000   Number         0  stm32f1xx_hal_pwr.o ABSOLUTE
    ..\Drivers\STM32F1xx_HAL_Driver\Src\stm32f1xx_hal_rcc.c 0x00000000   Number         0  stm32f1xx_hal_rcc.o ABSOLUTE
    ..\Drivers\STM32F1xx_HAL_Driver\Src\stm32f1xx_hal_rcc_ex.c 0x00000000   Number         0  stm32f1xx_hal_rcc_ex.o ABSOLUTE
    ..\Drivers\STM32F1xx_HAL_Driver\Src\stm32f1xx_hal_spi.c 0x00000000   Number         0  stm32f1xx_hal_spi.o ABSOLUTE
    ..\Drivers\STM32F1xx_HAL_Driver\Src\stm32f1xx_hal_tim.c 0x00000000   Number         0  stm32f1xx_hal_tim.o ABSOLUTE
    ..\Drivers\STM32F1xx_HAL_Driver\Src\stm32f1xx_hal_tim_ex.c 0x00000000   Number         0  stm32f1xx_hal_tim_ex.o ABSOLUTE
    ..\Drivers\STM32F1xx_HAL_Driver\Src\stm32f1xx_hal_uart.c 0x00000000   Number         0  stm32f1xx_hal_uart.o ABSOLUTE
    ..\\Core\\Src\\TFTLCD\\tftlcd.c          0x00000000   Number         0  tftlcd.o ABSOLUTE
    ..\\Core\\Src\\motor.c                   0x00000000   Number         0  motor.o ABSOLUTE
    ..\\Core\\Src\\openmv.c                  0x00000000   Number         0  openmv.o ABSOLUTE
    ..\\Core\\Src\\pid.c                     0x00000000   Number         0  pid.o ABSOLUTE
    cdrcmple.s                               0x00000000   Number         0  cdrcmple.o ABSOLUTE
    cfcmple.s                                0x00000000   Number         0  cfcmple.o ABSOLUTE
    cfrcmple.s                               0x00000000   Number         0  cfrcmple.o ABSOLUTE
    dc.s                                     0x00000000   Number         0  dc.o ABSOLUTE
    handlers.s                               0x00000000   Number         0  handlers.o ABSOLUTE
    init.s                                   0x00000000   Number         0  init.o ABSOLUTE
    startup_stm32f103xe.s                    0x00000000   Number         0  startup_stm32f103xe.o ABSOLUTE
    RESET                                    0x08000000   Section      304  startup_stm32f103xe.o(RESET)
    .ARM.Collect$$$$00000000                 0x08000130   Section        0  entry.o(.ARM.Collect$$$$00000000)
    .ARM.Collect$$$$00000001                 0x08000130   Section        4  entry2.o(.ARM.Collect$$$$00000001)
    .ARM.Collect$$$$00000004                 0x08000134   Section        4  entry5.o(.ARM.Collect$$$$00000004)
    .ARM.Collect$$$$00000008                 0x08000138   Section        0  entry7b.o(.ARM.Collect$$$$00000008)
    .ARM.Collect$$$$0000000A                 0x08000138   Section        0  entry8b.o(.ARM.Collect$$$$0000000A)
    .ARM.Collect$$$$0000000B                 0x08000138   Section        8  entry9a.o(.ARM.Collect$$$$0000000B)
    .ARM.Collect$$$$0000000D                 0x08000140   Section        0  entry10a.o(.ARM.Collect$$$$0000000D)
    .ARM.Collect$$$$0000000F                 0x08000140   Section        0  entry11a.o(.ARM.Collect$$$$0000000F)
    .ARM.Collect$$$$00002712                 0x08000140   Section        4  entry2.o(.ARM.Collect$$$$00002712)
    __lit__00000000                          0x08000140   Data           4  entry2.o(.ARM.Collect$$$$00002712)
    .text                                    0x08000144   Section       36  startup_stm32f103xe.o(.text)
    .text                                    0x08000168   Section        0  llushr.o(.text)
    .text                                    0x08000188   Section        0  memseta.o(.text)
    .text                                    0x080001ac   Section        0  fadd.o(.text)
    .text                                    0x0800025c   Section        0  fmul.o(.text)
    .text                                    0x080002c0   Section        0  fflti.o(.text)
    .text                                    0x080002d2   Section        0  ffltui.o(.text)
    .text                                    0x080002dc   Section        0  ffixi.o(.text)
    .text                                    0x0800030e   Section        0  ffixui.o(.text)
    .text                                    0x08000336   Section        0  f2d.o(.text)
    .text                                    0x0800035c   Section       20  cfcmple.o(.text)
    .text                                    0x08000370   Section       20  cfrcmple.o(.text)
    .text                                    0x08000384   Section        0  uidiv.o(.text)
    .text                                    0x080003b0   Section        0  uldiv.o(.text)
    .text                                    0x08000412   Section        0  iusefp.o(.text)
    .text                                    0x08000412   Section        0  fepilogue.o(.text)
    .text                                    0x08000480   Section        0  dadd.o(.text)
    .text                                    0x080005ce   Section        0  dmul.o(.text)
    .text                                    0x080006b2   Section        0  ddiv.o(.text)
    .text                                    0x08000790   Section        0  dfixul.o(.text)
    .text                                    0x080007c0   Section       48  cdrcmple.o(.text)
    .text                                    0x080007f0   Section       36  init.o(.text)
    .text                                    0x08000814   Section        0  llshl.o(.text)
    .text                                    0x08000832   Section        0  llsshr.o(.text)
    .text                                    0x08000856   Section        0  depilogue.o(.text)
    i.Bluetooth_Receive_Data                 0x08000910   Section        0  openmv.o(i.Bluetooth_Receive_Data)
    i.BusFault_Handler                       0x08000a14   Section        0  stm32f1xx_it.o(i.BusFault_Handler)
    i.DebugMon_Handler                       0x08000a16   Section        0  stm32f1xx_it.o(i.DebugMon_Handler)
    i.EXTI15_10_IRQHandler                   0x08000a18   Section        0  stm32f1xx_it.o(i.EXTI15_10_IRQHandler)
    i.EXTI3_IRQHandler                       0x08000a20   Section        0  stm32f1xx_it.o(i.EXTI3_IRQHandler)
    i.Error_Handler                          0x08000a26   Section        0  main.o(i.Error_Handler)
    i.HAL_DMA_Abort                          0x08000a2a   Section        0  stm32f1xx_hal_dma.o(i.HAL_DMA_Abort)
    i.HAL_DMA_Abort_IT                       0x08000a70   Section        0  stm32f1xx_hal_dma.o(i.HAL_DMA_Abort_IT)
    i.HAL_Delay                              0x08000ba0   Section        0  stm32f1xx_hal.o(i.HAL_Delay)
    i.HAL_GPIO_EXTI_Callback                 0x08000bc4   Section        0  main.o(i.HAL_GPIO_EXTI_Callback)
    i.HAL_GPIO_EXTI_IRQHandler               0x08000bdc   Section        0  stm32f1xx_hal_gpio.o(i.HAL_GPIO_EXTI_IRQHandler)
    i.HAL_GPIO_Init                          0x08000bf4   Section        0  stm32f1xx_hal_gpio.o(i.HAL_GPIO_Init)
    i.HAL_GPIO_ReadPin                       0x08000dec   Section        0  stm32f1xx_hal_gpio.o(i.HAL_GPIO_ReadPin)
    i.HAL_GPIO_WritePin                      0x08000df6   Section        0  stm32f1xx_hal_gpio.o(i.HAL_GPIO_WritePin)
    i.HAL_GetTick                            0x08000e00   Section        0  stm32f1xx_hal.o(i.HAL_GetTick)
    i.HAL_IncTick                            0x08000e0c   Section        0  stm32f1xx_hal.o(i.HAL_IncTick)
    i.HAL_Init                               0x08000e1c   Section        0  stm32f1xx_hal.o(i.HAL_Init)
    i.HAL_InitTick                           0x08000e40   Section        0  stm32f1xx_hal.o(i.HAL_InitTick)
    i.HAL_MspInit                            0x08000e80   Section        0  stm32f1xx_hal_msp.o(i.HAL_MspInit)
    i.HAL_NVIC_DisableIRQ                    0x08000ebc   Section        0  stm32f1xx_hal_cortex.o(i.HAL_NVIC_DisableIRQ)
    i.HAL_NVIC_EnableIRQ                     0x08000ede   Section        0  stm32f1xx_hal_cortex.o(i.HAL_NVIC_EnableIRQ)
    i.HAL_NVIC_SetPriority                   0x08000ef8   Section        0  stm32f1xx_hal_cortex.o(i.HAL_NVIC_SetPriority)
    i.HAL_NVIC_SetPriorityGrouping           0x08000f38   Section        0  stm32f1xx_hal_cortex.o(i.HAL_NVIC_SetPriorityGrouping)
    i.HAL_RCC_ClockConfig                    0x08000f5c   Section        0  stm32f1xx_hal_rcc.o(i.HAL_RCC_ClockConfig)
    i.HAL_RCC_GetPCLK1Freq                   0x08001088   Section        0  stm32f1xx_hal_rcc.o(i.HAL_RCC_GetPCLK1Freq)
    i.HAL_RCC_GetPCLK2Freq                   0x080010a8   Section        0  stm32f1xx_hal_rcc.o(i.HAL_RCC_GetPCLK2Freq)
    i.HAL_RCC_GetSysClockFreq                0x080010c8   Section        0  stm32f1xx_hal_rcc.o(i.HAL_RCC_GetSysClockFreq)
    i.HAL_RCC_OscConfig                      0x08001134   Section        0  stm32f1xx_hal_rcc.o(i.HAL_RCC_OscConfig)
    i.HAL_SPI_Init                           0x08001454   Section        0  stm32f1xx_hal_spi.o(i.HAL_SPI_Init)
    i.HAL_SPI_MspInit                        0x08001508   Section        0  spi.o(i.HAL_SPI_MspInit)
    i.HAL_SPI_Transmit                       0x08001578   Section        0  stm32f1xx_hal_spi.o(i.HAL_SPI_Transmit)
    i.HAL_SYSTICK_Config                     0x080016de   Section        0  stm32f1xx_hal_cortex.o(i.HAL_SYSTICK_Config)
    i.HAL_TIMEx_BreakCallback                0x08001706   Section        0  stm32f1xx_hal_tim_ex.o(i.HAL_TIMEx_BreakCallback)
    i.HAL_TIMEx_CommutCallback               0x08001708   Section        0  stm32f1xx_hal_tim_ex.o(i.HAL_TIMEx_CommutCallback)
    i.HAL_TIMEx_MasterConfigSynchronization  0x0800170c   Section        0  stm32f1xx_hal_tim_ex.o(i.HAL_TIMEx_MasterConfigSynchronization)
    i.HAL_TIM_Base_Init                      0x08001788   Section        0  stm32f1xx_hal_tim.o(i.HAL_TIM_Base_Init)
    i.HAL_TIM_Base_MspInit                   0x080017e4   Section        0  tim.o(i.HAL_TIM_Base_MspInit)
    i.HAL_TIM_ConfigClockSource              0x08001820   Section        0  stm32f1xx_hal_tim.o(i.HAL_TIM_ConfigClockSource)
    i.HAL_TIM_Encoder_Init                   0x080018f6   Section        0  stm32f1xx_hal_tim.o(i.HAL_TIM_Encoder_Init)
    i.HAL_TIM_Encoder_MspInit                0x0800199c   Section        0  tim.o(i.HAL_TIM_Encoder_MspInit)
    i.HAL_TIM_Encoder_Start                  0x08001a20   Section        0  stm32f1xx_hal_tim.o(i.HAL_TIM_Encoder_Start)
    i.HAL_TIM_IC_CaptureCallback             0x08001aae   Section        0  stm32f1xx_hal_tim.o(i.HAL_TIM_IC_CaptureCallback)
    i.HAL_TIM_IRQHandler                     0x08001ab0   Section        0  stm32f1xx_hal_tim.o(i.HAL_TIM_IRQHandler)
    i.HAL_TIM_MspPostInit                    0x08001c18   Section        0  tim.o(i.HAL_TIM_MspPostInit)
    i.HAL_TIM_OC_DelayElapsedCallback        0x08001c64   Section        0  stm32f1xx_hal_tim.o(i.HAL_TIM_OC_DelayElapsedCallback)
    i.HAL_TIM_PWM_ConfigChannel              0x08001c66   Section        0  stm32f1xx_hal_tim.o(i.HAL_TIM_PWM_ConfigChannel)
    i.HAL_TIM_PWM_Init                       0x08001d2c   Section        0  stm32f1xx_hal_tim.o(i.HAL_TIM_PWM_Init)
    i.HAL_TIM_PWM_MspInit                    0x08001d88   Section        0  tim.o(i.HAL_TIM_PWM_MspInit)
    i.HAL_TIM_PWM_PulseFinishedCallback      0x08001db0   Section        0  stm32f1xx_hal_tim.o(i.HAL_TIM_PWM_PulseFinishedCallback)
    i.HAL_TIM_PWM_Start                      0x08001db4   Section        0  stm32f1xx_hal_tim.o(i.HAL_TIM_PWM_Start)
    i.HAL_TIM_PeriodElapsedCallback          0x08001e68   Section        0  stm32f1xx_hal_tim.o(i.HAL_TIM_PeriodElapsedCallback)
    i.HAL_TIM_TriggerCallback                0x08001e6a   Section        0  stm32f1xx_hal_tim.o(i.HAL_TIM_TriggerCallback)
    i.HAL_UARTEx_RxEventCallback             0x08001e6c   Section        0  stm32f1xx_hal_uart.o(i.HAL_UARTEx_RxEventCallback)
    i.HAL_UART_ErrorCallback                 0x08001e6e   Section        0  stm32f1xx_hal_uart.o(i.HAL_UART_ErrorCallback)
    i.HAL_UART_IRQHandler                    0x08001e70   Section        0  stm32f1xx_hal_uart.o(i.HAL_UART_IRQHandler)
    i.HAL_UART_Init                          0x0800207c   Section        0  stm32f1xx_hal_uart.o(i.HAL_UART_Init)
    i.HAL_UART_MspInit                       0x080020e0   Section        0  usart.o(i.HAL_UART_MspInit)
    i.HAL_UART_Receive_IT                    0x08002228   Section        0  stm32f1xx_hal_uart.o(i.HAL_UART_Receive_IT)
    i.HAL_UART_RxCpltCallback                0x08002254   Section        0  main.o(i.HAL_UART_RxCpltCallback)
    i.HAL_UART_Transmit                      0x080022a8   Section        0  stm32f1xx_hal_uart.o(i.HAL_UART_Transmit)
    i.HAL_UART_TxCpltCallback                0x0800235a   Section        0  stm32f1xx_hal_uart.o(i.HAL_UART_TxCpltCallback)
    i.HardFault_Handler                      0x0800235c   Section        0  stm32f1xx_it.o(i.HardFault_Handler)
    i.LCD_Address_Set                        0x0800235e   Section        0  tftlcd.o(i.LCD_Address_Set)
    i.LCD_Clear                              0x080023a0   Section        0  tftlcd.o(i.LCD_Clear)
    i.LCD_Fill                               0x080023b4   Section        0  tftlcd.o(i.LCD_Fill)
    i.LCD_Init                               0x08002434   Section        0  tftlcd.o(i.LCD_Init)
    i.LCD_Pow                                0x080025f4   Section        0  tftlcd.o(i.LCD_Pow)
    LCD_Pow                                  0x080025f5   Thumb Code    16  tftlcd.o(i.LCD_Pow)
    i.LCD_SPI_Send                           0x08002604   Section        0  tftlcd.o(i.LCD_SPI_Send)
    LCD_SPI_Send                             0x08002605   Thumb Code     4  tftlcd.o(i.LCD_SPI_Send)
    i.LCD_ShowChar                           0x08002608   Section        0  tftlcd.o(i.LCD_ShowChar)
    i.LCD_ShowNum                            0x08002744   Section        0  tftlcd.o(i.LCD_ShowNum)
    i.LCD_Write_Cmd                          0x080027b0   Section        0  tftlcd.o(i.LCD_Write_Cmd)
    LCD_Write_Cmd                            0x080027b1   Thumb Code    22  tftlcd.o(i.LCD_Write_Cmd)
    i.LCD_Write_Data                         0x080027cc   Section        0  tftlcd.o(i.LCD_Write_Data)
    LCD_Write_Data                           0x080027cd   Thumb Code    22  tftlcd.o(i.LCD_Write_Data)
    i.LCD_Write_HalfWord                     0x080027e8   Section        0  tftlcd.o(i.LCD_Write_HalfWord)
    i.MX_GPIO_Init                           0x08002810   Section        0  gpio.o(i.MX_GPIO_Init)
    i.MX_SPI1_Init                           0x08002930   Section        0  spi.o(i.MX_SPI1_Init)
    i.MX_TIM1_Init                           0x0800297c   Section        0  tim.o(i.MX_TIM1_Init)
    i.MX_TIM3_Init                           0x080029e8   Section        0  tim.o(i.MX_TIM3_Init)
    i.MX_TIM4_Init                           0x08002a50   Section        0  tim.o(i.MX_TIM4_Init)
    i.MX_TIM5_Init                           0x08002ad4   Section        0  tim.o(i.MX_TIM5_Init)
    i.MX_USART1_UART_Init                    0x08002b3c   Section        0  usart.o(i.MX_USART1_UART_Init)
    i.MX_USART2_UART_Init                    0x08002b74   Section        0  usart.o(i.MX_USART2_UART_Init)
    i.MX_USART3_UART_Init                    0x08002bac   Section        0  usart.o(i.MX_USART3_UART_Init)
    i.MemManage_Handler                      0x08002be4   Section        0  stm32f1xx_it.o(i.MemManage_Handler)
    i.NMI_Handler                            0x08002be6   Section        0  stm32f1xx_it.o(i.NMI_Handler)
    i.Openmv_Receive_Data                    0x08002be8   Section        0  openmv.o(i.Openmv_Receive_Data)
    i.PID_Calc                               0x08002d24   Section        0  pid.o(i.PID_Calc)
    i.PendSV_Handler                         0x08002db4   Section        0  stm32f1xx_it.o(i.PendSV_Handler)
    i.SPI1_WriteData                         0x08002db8   Section        0  spi.o(i.SPI1_WriteData)
    i.SPI_EndRxTxTransaction                 0x08002dcc   Section        0  stm32f1xx_hal_spi.o(i.SPI_EndRxTxTransaction)
    SPI_EndRxTxTransaction                   0x08002dcd   Thumb Code    32  stm32f1xx_hal_spi.o(i.SPI_EndRxTxTransaction)
    i.SPI_WaitFlagStateUntilTimeout          0x08002dec   Section        0  stm32f1xx_hal_spi.o(i.SPI_WaitFlagStateUntilTimeout)
    SPI_WaitFlagStateUntilTimeout            0x08002ded   Thumb Code   180  stm32f1xx_hal_spi.o(i.SPI_WaitFlagStateUntilTimeout)
    i.SVC_Handler                            0x08002ea4   Section        0  stm32f1xx_it.o(i.SVC_Handler)
    i.SysTick_Handler                        0x08002ea6   Section        0  stm32f1xx_it.o(i.SysTick_Handler)
    i.SystemClock_Config                     0x08002eaa   Section        0  main.o(i.SystemClock_Config)
    i.SystemInit                             0x08002f08   Section        0  system_stm32f1xx.o(i.SystemInit)
    i.TIM1_UP_IRQHandler                     0x08002f0c   Section        0  stm32f1xx_it.o(i.TIM1_UP_IRQHandler)
    i.TIM_Base_SetConfig                     0x08002f18   Section        0  stm32f1xx_hal_tim.o(i.TIM_Base_SetConfig)
    i.TIM_CCxChannelCmd                      0x08002fa4   Section        0  stm32f1xx_hal_tim.o(i.TIM_CCxChannelCmd)
    i.TIM_ETR_SetConfig                      0x08002fbe   Section        0  stm32f1xx_hal_tim.o(i.TIM_ETR_SetConfig)
    i.TIM_ITRx_SetConfig                     0x08002fd2   Section        0  stm32f1xx_hal_tim.o(i.TIM_ITRx_SetConfig)
    TIM_ITRx_SetConfig                       0x08002fd3   Thumb Code    16  stm32f1xx_hal_tim.o(i.TIM_ITRx_SetConfig)
    i.TIM_OC1_SetConfig                      0x08002fe4   Section        0  stm32f1xx_hal_tim.o(i.TIM_OC1_SetConfig)
    TIM_OC1_SetConfig                        0x08002fe5   Thumb Code    88  stm32f1xx_hal_tim.o(i.TIM_OC1_SetConfig)
    i.TIM_OC2_SetConfig                      0x08003044   Section        0  stm32f1xx_hal_tim.o(i.TIM_OC2_SetConfig)
    i.TIM_OC3_SetConfig                      0x080030b0   Section        0  stm32f1xx_hal_tim.o(i.TIM_OC3_SetConfig)
    TIM_OC3_SetConfig                        0x080030b1   Thumb Code    96  stm32f1xx_hal_tim.o(i.TIM_OC3_SetConfig)
    i.TIM_OC4_SetConfig                      0x08003118   Section        0  stm32f1xx_hal_tim.o(i.TIM_OC4_SetConfig)
    TIM_OC4_SetConfig                        0x08003119   Thumb Code    70  stm32f1xx_hal_tim.o(i.TIM_OC4_SetConfig)
    i.TIM_TI1_ConfigInputStage               0x08003168   Section        0  stm32f1xx_hal_tim.o(i.TIM_TI1_ConfigInputStage)
    TIM_TI1_ConfigInputStage                 0x08003169   Thumb Code    34  stm32f1xx_hal_tim.o(i.TIM_TI1_ConfigInputStage)
    i.TIM_TI2_ConfigInputStage               0x0800318a   Section        0  stm32f1xx_hal_tim.o(i.TIM_TI2_ConfigInputStage)
    TIM_TI2_ConfigInputStage                 0x0800318b   Thumb Code    36  stm32f1xx_hal_tim.o(i.TIM_TI2_ConfigInputStage)
    i.UART_DMAAbortOnError                   0x080031ae   Section        0  stm32f1xx_hal_uart.o(i.UART_DMAAbortOnError)
    UART_DMAAbortOnError                     0x080031af   Thumb Code    16  stm32f1xx_hal_uart.o(i.UART_DMAAbortOnError)
    i.UART_EndRxTransfer                     0x080031be   Section        0  stm32f1xx_hal_uart.o(i.UART_EndRxTransfer)
    UART_EndRxTransfer                       0x080031bf   Thumb Code    48  stm32f1xx_hal_uart.o(i.UART_EndRxTransfer)
    i.UART_Receive_IT                        0x080031ee   Section        0  stm32f1xx_hal_uart.o(i.UART_Receive_IT)
    UART_Receive_IT                          0x080031ef   Thumb Code   182  stm32f1xx_hal_uart.o(i.UART_Receive_IT)
    i.UART_SetConfig                         0x080032a4   Section        0  stm32f1xx_hal_uart.o(i.UART_SetConfig)
    UART_SetConfig                           0x080032a5   Thumb Code   178  stm32f1xx_hal_uart.o(i.UART_SetConfig)
    i.UART_Start_Receive_IT                  0x0800335c   Section        0  stm32f1xx_hal_uart.o(i.UART_Start_Receive_IT)
    i.UART_WaitOnFlagUntilTimeout            0x08003392   Section        0  stm32f1xx_hal_uart.o(i.UART_WaitOnFlagUntilTimeout)
    UART_WaitOnFlagUntilTimeout              0x08003393   Thumb Code   100  stm32f1xx_hal_uart.o(i.UART_WaitOnFlagUntilTimeout)
    i.USART1_IRQHandler                      0x080033f8   Section        0  stm32f1xx_it.o(i.USART1_IRQHandler)
    i.USART2_IRQHandler                      0x08003404   Section        0  stm32f1xx_it.o(i.USART2_IRQHandler)
    i.USART3_IRQHandler                      0x08003410   Section        0  stm32f1xx_it.o(i.USART3_IRQHandler)
    i.UsageFault_Handler                     0x0800341c   Section        0  stm32f1xx_it.o(i.UsageFault_Handler)
    i.__0printf                              0x08003420   Section        0  printfa.o(i.__0printf)
    i.__NVIC_SetPriority                     0x08003440   Section        0  stm32f1xx_hal_cortex.o(i.__NVIC_SetPriority)
    __NVIC_SetPriority                       0x08003441   Thumb Code    32  stm32f1xx_hal_cortex.o(i.__NVIC_SetPriority)
    i.__scatterload_copy                     0x08003460   Section       14  handlers.o(i.__scatterload_copy)
    i.__scatterload_null                     0x0800346e   Section        2  handlers.o(i.__scatterload_null)
    i.__scatterload_zeroinit                 0x08003470   Section       14  handlers.o(i.__scatterload_zeroinit)
    i._fp_digits                             0x08003480   Section        0  printfa.o(i._fp_digits)
    _fp_digits                               0x08003481   Thumb Code   366  printfa.o(i._fp_digits)
    i._printf_core                           0x08003604   Section        0  printfa.o(i._printf_core)
    _printf_core                             0x08003605   Thumb Code  1744  printfa.o(i._printf_core)
    i._printf_post_padding                   0x08003ce0   Section        0  printfa.o(i._printf_post_padding)
    _printf_post_padding                     0x08003ce1   Thumb Code    36  printfa.o(i._printf_post_padding)
    i._printf_pre_padding                    0x08003d04   Section        0  printfa.o(i._printf_pre_padding)
    _printf_pre_padding                      0x08003d05   Thumb Code    46  printfa.o(i._printf_pre_padding)
    i.fputc                                  0x08003d34   Section        0  openmv.o(i.fputc)
    i.main                                   0x08003d4c   Section        0  main.o(i.main)
    i.openmv_turnleft                        0x08004454   Section        0  motor.o(i.openmv_turnleft)
    i.openmv_turnright                       0x080044c4   Section        0  motor.o(i.openmv_turnright)
    i.pid_go                                 0x08004534   Section        0  motor.o(i.pid_go)
    i.set_go                                 0x08004680   Section        0  motor.o(i.set_go)
    i.set_stop                               0x080046c8   Section        0  motor.o(i.set_stop)
    i.set_stright_go                         0x0800470c   Section        0  motor.o(i.set_stright_go)
    i.set_stright_turnleft                   0x08004768   Section        0  motor.o(i.set_stright_turnleft)
    i.set_stright_turnright                  0x080047e4   Section        0  motor.o(i.set_stright_turnright)
    i.set_turn_left                          0x0800484c   Section        0  motor.o(i.set_turn_left)
    i.set_turn_right                         0x08004890   Section        0  motor.o(i.set_turn_right)
    .constdata                               0x080048d8   Section    19380  tftlcd.o(.constdata)
    .constdata                               0x0800948c   Section       16  system_stm32f1xx.o(.constdata)
    .constdata                               0x0800949c   Section        8  system_stm32f1xx.o(.constdata)
    .data                                    0x20000000   Section       32  pid.o(.data)
    .data                                    0x20000020   Section        4  pid.o(.data)
    .data                                    0x20000024   Section        4  pid.o(.data)
    .data                                    0x20000028   Section        4  pid.o(.data)
    .data                                    0x2000002c   Section       20  openmv.o(.data)
    RxCounter1                               0x20000034   Data           1  openmv.o(.data)
    RxState                                  0x20000035   Data           1  openmv.o(.data)
    RxFlag1                                  0x20000036   Data           1  openmv.o(.data)
    RxCounter2                               0x20000037   Data           1  openmv.o(.data)
    RxState                                  0x20000038   Data           1  openmv.o(.data)
    RxFlag2                                  0x20000039   Data           1  openmv.o(.data)
    .data                                    0x20000040   Section        4  tftlcd.o(.data)
    .data                                    0x20000044   Section       32  main.o(.data)
    .data                                    0x20000064   Section       12  stm32f1xx_hal.o(.data)
    .data                                    0x20000070   Section        4  system_stm32f1xx.o(.data)
    .data                                    0x20000074   Section        4  stdout.o(.data)
    .bss                                     0x20000078   Section       60  openmv.o(.bss)
    RxBuffer1                                0x20000078   Data          30  openmv.o(.bss)
    RxBuffer2                                0x20000096   Data          30  openmv.o(.bss)
    .bss                                     0x200000b4   Section     1152  tftlcd.o(.bss)
    lcd_buf                                  0x200000b4   Data        1152  tftlcd.o(.bss)
    .bss                                     0x20000534   Section       88  spi.o(.bss)
    .bss                                     0x2000058c   Section      288  tim.o(.bss)
    .bss                                     0x200006ac   Section      204  usart.o(.bss)
    STACK                                    0x20000778   Section     1024  startup_stm32f103xe.o(STACK)

    Global Symbols

    Symbol Name                              Value     Ov Type        Size  Object(Section)

    BuildAttributes$$THM_ISAv4$P$D$K$B$S$PE$A:L22UL41UL21$X:L11$S22US41US21$IEEE1$IW$USESV6$~STKCKD$USESV7$~SHL$OTIME$ROPI$EBA8$MICROLIB$REQ8$PRES8$EABIv2 0x00000000   Number         0  anon$$obj.o ABSOLUTE
    __ARM_use_no_argv                        0x00000000   Number         0  main.o ABSOLUTE
    _printf_a                                0x00000000   Number         0  stubs.o ABSOLUTE
    _printf_c                                0x00000000   Number         0  stubs.o ABSOLUTE
    _printf_charcount                        0x00000000   Number         0  stubs.o ABSOLUTE
    _printf_d                                0x00000000   Number         0  stubs.o ABSOLUTE
    _printf_e                                0x00000000   Number         0  stubs.o ABSOLUTE
    _printf_f                                0x00000000   Number         0  stubs.o ABSOLUTE
    _printf_flags                            0x00000000   Number         0  stubs.o ABSOLUTE
    _printf_fp_dec                           0x00000000   Number         0  stubs.o ABSOLUTE
    _printf_fp_hex                           0x00000000   Number         0  stubs.o ABSOLUTE
    _printf_g                                0x00000000   Number         0  stubs.o ABSOLUTE
    _printf_i                                0x00000000   Number         0  stubs.o ABSOLUTE
    _printf_int_dec                          0x00000000   Number         0  stubs.o ABSOLUTE
    _printf_l                                0x00000000   Number         0  stubs.o ABSOLUTE
    _printf_lc                               0x00000000   Number         0  stubs.o ABSOLUTE
    _printf_ll                               0x00000000   Number         0  stubs.o ABSOLUTE
    _printf_lld                              0x00000000   Number         0  stubs.o ABSOLUTE
    _printf_lli                              0x00000000   Number         0  stubs.o ABSOLUTE
    _printf_llo                              0x00000000   Number         0  stubs.o ABSOLUTE
    _printf_llu                              0x00000000   Number         0  stubs.o ABSOLUTE
    _printf_llx                              0x00000000   Number         0  stubs.o ABSOLUTE
    _printf_longlong_dec                     0x00000000   Number         0  stubs.o ABSOLUTE
    _printf_longlong_hex                     0x00000000   Number         0  stubs.o ABSOLUTE
    _printf_longlong_oct                     0x00000000   Number         0  stubs.o ABSOLUTE
    _printf_ls                               0x00000000   Number         0  stubs.o ABSOLUTE
    _printf_mbtowc                           0x00000000   Number         0  stubs.o ABSOLUTE
    _printf_n                                0x00000000   Number         0  stubs.o ABSOLUTE
    _printf_o                                0x00000000   Number         0  stubs.o ABSOLUTE
    _printf_p                                0x00000000   Number         0  stubs.o ABSOLUTE
    _printf_percent                          0x00000000   Number         0  stubs.o ABSOLUTE
    _printf_pre_padding                      0x00000000   Number         0  stubs.o ABSOLUTE
    _printf_return_value                     0x00000000   Number         0  stubs.o ABSOLUTE
    _printf_s                                0x00000000   Number         0  stubs.o ABSOLUTE
    _printf_sizespec                         0x00000000   Number         0  stubs.o ABSOLUTE
    _printf_str                              0x00000000   Number         0  stubs.o ABSOLUTE
    _printf_truncate_signed                  0x00000000   Number         0  stubs.o ABSOLUTE
    _printf_truncate_unsigned                0x00000000   Number         0  stubs.o ABSOLUTE
    _printf_u                                0x00000000   Number         0  stubs.o ABSOLUTE
    _printf_wc                               0x00000000   Number         0  stubs.o ABSOLUTE
    _printf_wctomb                           0x00000000   Number         0  stubs.o ABSOLUTE
    _printf_widthprec                        0x00000000   Number         0  stubs.o ABSOLUTE
    _printf_x                                0x00000000   Number         0  stubs.o ABSOLUTE
    __cpp_initialize__aeabi_                  - Undefined Weak Reference
    __cxa_finalize                            - Undefined Weak Reference
    __decompress                              - Undefined Weak Reference
    _clock_init                               - Undefined Weak Reference
    _microlib_exit                            - Undefined Weak Reference
    __Vectors_Size                           0x00000130   Number         0  startup_stm32f103xe.o ABSOLUTE
    __Vectors                                0x08000000   Data           4  startup_stm32f103xe.o(RESET)
    __Vectors_End                            0x08000130   Data           0  startup_stm32f103xe.o(RESET)
    __main                                   0x08000131   Thumb Code     0  entry.o(.ARM.Collect$$$$00000000)
    _main_stk                                0x08000131   Thumb Code     0  entry2.o(.ARM.Collect$$$$00000001)
    _main_scatterload                        0x08000135   Thumb Code     0  entry5.o(.ARM.Collect$$$$00000004)
    __main_after_scatterload                 0x08000139   Thumb Code     0  entry5.o(.ARM.Collect$$$$00000004)
    _main_clock                              0x08000139   Thumb Code     0  entry7b.o(.ARM.Collect$$$$00000008)
    _main_cpp_init                           0x08000139   Thumb Code     0  entry8b.o(.ARM.Collect$$$$0000000A)
    _main_init                               0x08000139   Thumb Code     0  entry9a.o(.ARM.Collect$$$$0000000B)
    __rt_final_cpp                           0x08000141   Thumb Code     0  entry10a.o(.ARM.Collect$$$$0000000D)
    __rt_final_exit                          0x08000141   Thumb Code     0  entry11a.o(.ARM.Collect$$$$0000000F)
    Reset_Handler                            0x08000145   Thumb Code     8  startup_stm32f103xe.o(.text)
    ADC1_2_IRQHandler                        0x0800015f   Thumb Code     0  startup_stm32f103xe.o(.text)
    ADC3_IRQHandler                          0x0800015f   Thumb Code     0  startup_stm32f103xe.o(.text)
    CAN1_RX1_IRQHandler                      0x0800015f   Thumb Code     0  startup_stm32f103xe.o(.text)
    CAN1_SCE_IRQHandler                      0x0800015f   Thumb Code     0  startup_stm32f103xe.o(.text)
    DMA1_Channel1_IRQHandler                 0x0800015f   Thumb Code     0  startup_stm32f103xe.o(.text)
    DMA1_Channel2_IRQHandler                 0x0800015f   Thumb Code     0  startup_stm32f103xe.o(.text)
    DMA1_Channel3_IRQHandler                 0x0800015f   Thumb Code     0  startup_stm32f103xe.o(.text)
    DMA1_Channel4_IRQHandler                 0x0800015f   Thumb Code     0  startup_stm32f103xe.o(.text)
    DMA1_Channel5_IRQHandler                 0x0800015f   Thumb Code     0  startup_stm32f103xe.o(.text)
    DMA1_Channel6_IRQHandler                 0x0800015f   Thumb Code     0  startup_stm32f103xe.o(.text)
    DMA1_Channel7_IRQHandler                 0x0800015f   Thumb Code     0  startup_stm32f103xe.o(.text)
    DMA2_Channel1_IRQHandler                 0x0800015f   Thumb Code     0  startup_stm32f103xe.o(.text)
    DMA2_Channel2_IRQHandler                 0x0800015f   Thumb Code     0  startup_stm32f103xe.o(.text)
    DMA2_Channel3_IRQHandler                 0x0800015f   Thumb Code     0  startup_stm32f103xe.o(.text)
    DMA2_Channel4_5_IRQHandler               0x0800015f   Thumb Code     0  startup_stm32f103xe.o(.text)
    EXTI0_IRQHandler                         0x0800015f   Thumb Code     0  startup_stm32f103xe.o(.text)
    EXTI1_IRQHandler                         0x0800015f   Thumb Code     0  startup_stm32f103xe.o(.text)
    EXTI2_IRQHandler                         0x0800015f   Thumb Code     0  startup_stm32f103xe.o(.text)
    EXTI4_IRQHandler                         0x0800015f   Thumb Code     0  startup_stm32f103xe.o(.text)
    EXTI9_5_IRQHandler                       0x0800015f   Thumb Code     0  startup_stm32f103xe.o(.text)
    FLASH_IRQHandler                         0x0800015f   Thumb Code     0  startup_stm32f103xe.o(.text)
    FSMC_IRQHandler                          0x0800015f   Thumb Code     0  startup_stm32f103xe.o(.text)
    I2C1_ER_IRQHandler                       0x0800015f   Thumb Code     0  startup_stm32f103xe.o(.text)
    I2C1_EV_IRQHandler                       0x0800015f   Thumb Code     0  startup_stm32f103xe.o(.text)
    I2C2_ER_IRQHandler                       0x0800015f   Thumb Code     0  startup_stm32f103xe.o(.text)
    I2C2_EV_IRQHandler                       0x0800015f   Thumb Code     0  startup_stm32f103xe.o(.text)
    PVD_IRQHandler                           0x0800015f   Thumb Code     0  startup_stm32f103xe.o(.text)
    RCC_IRQHandler                           0x0800015f   Thumb Code     0  startup_stm32f103xe.o(.text)
    RTC_Alarm_IRQHandler                     0x0800015f   Thumb Code     0  startup_stm32f103xe.o(.text)
    RTC_IRQHandler                           0x0800015f   Thumb Code     0  startup_stm32f103xe.o(.text)
    SDIO_IRQHandler                          0x0800015f   Thumb Code     0  startup_stm32f103xe.o(.text)
    SPI1_IRQHandler                          0x0800015f   Thumb Code     0  startup_stm32f103xe.o(.text)
    SPI2_IRQHandler                          0x0800015f   Thumb Code     0  startup_stm32f103xe.o(.text)
    SPI3_IRQHandler                          0x0800015f   Thumb Code     0  startup_stm32f103xe.o(.text)
    TAMPER_IRQHandler                        0x0800015f   Thumb Code     0  startup_stm32f103xe.o(.text)
    TIM1_BRK_IRQHandler                      0x0800015f   Thumb Code     0  startup_stm32f103xe.o(.text)
    TIM1_CC_IRQHandler                       0x0800015f   Thumb Code     0  startup_stm32f103xe.o(.text)
    TIM1_TRG_COM_IRQHandler                  0x0800015f   Thumb Code     0  startup_stm32f103xe.o(.text)
    TIM2_IRQHandler                          0x0800015f   Thumb Code     0  startup_stm32f103xe.o(.text)
    TIM3_IRQHandler                          0x0800015f   Thumb Code     0  startup_stm32f103xe.o(.text)
    TIM4_IRQHandler                          0x0800015f   Thumb Code     0  startup_stm32f103xe.o(.text)
    TIM5_IRQHandler                          0x0800015f   Thumb Code     0  startup_stm32f103xe.o(.text)
    TIM6_IRQHandler                          0x0800015f   Thumb Code     0  startup_stm32f103xe.o(.text)
    TIM7_IRQHandler                          0x0800015f   Thumb Code     0  startup_stm32f103xe.o(.text)
    TIM8_BRK_IRQHandler                      0x0800015f   Thumb Code     0  startup_stm32f103xe.o(.text)
    TIM8_CC_IRQHandler                       0x0800015f   Thumb Code     0  startup_stm32f103xe.o(.text)
    TIM8_TRG_COM_IRQHandler                  0x0800015f   Thumb Code     0  startup_stm32f103xe.o(.text)
    TIM8_UP_IRQHandler                       0x0800015f   Thumb Code     0  startup_stm32f103xe.o(.text)
    UART4_IRQHandler                         0x0800015f   Thumb Code     0  startup_stm32f103xe.o(.text)
    UART5_IRQHandler                         0x0800015f   Thumb Code     0  startup_stm32f103xe.o(.text)
    USBWakeUp_IRQHandler                     0x0800015f   Thumb Code     0  startup_stm32f103xe.o(.text)
    USB_HP_CAN1_TX_IRQHandler                0x0800015f   Thumb Code     0  startup_stm32f103xe.o(.text)
    USB_LP_CAN1_RX0_IRQHandler               0x0800015f   Thumb Code     0  startup_stm32f103xe.o(.text)
    WWDG_IRQHandler                          0x0800015f   Thumb Code     0  startup_stm32f103xe.o(.text)
    __aeabi_llsr                             0x08000169   Thumb Code    32  llushr.o(.text)
    _ll_ushift_r                             0x08000169   Thumb Code     0  llushr.o(.text)
    __aeabi_memset                           0x08000189   Thumb Code    14  memseta.o(.text)
    __aeabi_memset4                          0x08000189   Thumb Code     0  memseta.o(.text)
    __aeabi_memset8                          0x08000189   Thumb Code     0  memseta.o(.text)
    __aeabi_memclr                           0x08000197   Thumb Code     4  memseta.o(.text)
    __aeabi_memclr4                          0x08000197   Thumb Code     0  memseta.o(.text)
    __aeabi_memclr8                          0x08000197   Thumb Code     0  memseta.o(.text)
    _memset$wrapper                          0x0800019b   Thumb Code    18  memseta.o(.text)
    __aeabi_fadd                             0x080001ad   Thumb Code   164  fadd.o(.text)
    __aeabi_fsub                             0x08000251   Thumb Code     6  fadd.o(.text)
    __aeabi_frsub                            0x08000257   Thumb Code     6  fadd.o(.text)
    __aeabi_fmul                             0x0800025d   Thumb Code   100  fmul.o(.text)
    __aeabi_i2f                              0x080002c1   Thumb Code    18  fflti.o(.text)
    __aeabi_ui2f                             0x080002d3   Thumb Code    10  ffltui.o(.text)
    __aeabi_f2iz                             0x080002dd   Thumb Code    50  ffixi.o(.text)
    __aeabi_f2uiz                            0x0800030f   Thumb Code    40  ffixui.o(.text)
    __aeabi_f2d                              0x08000337   Thumb Code    38  f2d.o(.text)
    __aeabi_cfcmpeq                          0x0800035d   Thumb Code     0  cfcmple.o(.text)
    __aeabi_cfcmple                          0x0800035d   Thumb Code    20  cfcmple.o(.text)
    __aeabi_cfrcmple                         0x08000371   Thumb Code    20  cfrcmple.o(.text)
    __aeabi_uidiv                            0x08000385   Thumb Code     0  uidiv.o(.text)
    __aeabi_uidivmod                         0x08000385   Thumb Code    44  uidiv.o(.text)
    __aeabi_uldivmod                         0x080003b1   Thumb Code    98  uldiv.o(.text)
    __I$use$fp                               0x08000413   Thumb Code     0  iusefp.o(.text)
    _float_round                             0x08000413   Thumb Code    18  fepilogue.o(.text)
    _float_epilogue                          0x08000425   Thumb Code    92  fepilogue.o(.text)
    __aeabi_dadd                             0x08000481   Thumb Code   322  dadd.o(.text)
    __aeabi_dsub                             0x080005c3   Thumb Code     6  dadd.o(.text)
    __aeabi_drsub                            0x080005c9   Thumb Code     6  dadd.o(.text)
    __aeabi_dmul                             0x080005cf   Thumb Code   228  dmul.o(.text)
    __aeabi_ddiv                             0x080006b3   Thumb Code   222  ddiv.o(.text)
    __aeabi_d2ulz                            0x08000791   Thumb Code    48  dfixul.o(.text)
    __aeabi_cdrcmple                         0x080007c1   Thumb Code    48  cdrcmple.o(.text)
    __scatterload                            0x080007f1   Thumb Code    28  init.o(.text)
    __scatterload_rt2                        0x080007f1   Thumb Code     0  init.o(.text)
    __aeabi_llsl                             0x08000815   Thumb Code    30  llshl.o(.text)
    _ll_shift_l                              0x08000815   Thumb Code     0  llshl.o(.text)
    __aeabi_lasr                             0x08000833   Thumb Code    36  llsshr.o(.text)
    _ll_sshift_r                             0x08000833   Thumb Code     0  llsshr.o(.text)
    _double_round                            0x08000857   Thumb Code    30  depilogue.o(.text)
    _double_epilogue                         0x08000875   Thumb Code   156  depilogue.o(.text)
    Bluetooth_Receive_Data                   0x08000911   Thumb Code   250  openmv.o(i.Bluetooth_Receive_Data)
    BusFault_Handler                         0x08000a15   Thumb Code     2  stm32f1xx_it.o(i.BusFault_Handler)
    DebugMon_Handler                         0x08000a17   Thumb Code     2  stm32f1xx_it.o(i.DebugMon_Handler)
    EXTI15_10_IRQHandler                     0x08000a19   Thumb Code     8  stm32f1xx_it.o(i.EXTI15_10_IRQHandler)
    EXTI3_IRQHandler                         0x08000a21   Thumb Code     6  stm32f1xx_it.o(i.EXTI3_IRQHandler)
    Error_Handler                            0x08000a27   Thumb Code     4  main.o(i.Error_Handler)
    HAL_DMA_Abort                            0x08000a2b   Thumb Code    70  stm32f1xx_hal_dma.o(i.HAL_DMA_Abort)
    HAL_DMA_Abort_IT                         0x08000a71   Thumb Code   296  stm32f1xx_hal_dma.o(i.HAL_DMA_Abort_IT)
    HAL_Delay                                0x08000ba1   Thumb Code    32  stm32f1xx_hal.o(i.HAL_Delay)
    HAL_GPIO_EXTI_Callback                   0x08000bc5   Thumb Code    20  main.o(i.HAL_GPIO_EXTI_Callback)
    HAL_GPIO_EXTI_IRQHandler                 0x08000bdd   Thumb Code    18  stm32f1xx_hal_gpio.o(i.HAL_GPIO_EXTI_IRQHandler)
    HAL_GPIO_Init                            0x08000bf5   Thumb Code   462  stm32f1xx_hal_gpio.o(i.HAL_GPIO_Init)
    HAL_GPIO_ReadPin                         0x08000ded   Thumb Code    10  stm32f1xx_hal_gpio.o(i.HAL_GPIO_ReadPin)
    HAL_GPIO_WritePin                        0x08000df7   Thumb Code    10  stm32f1xx_hal_gpio.o(i.HAL_GPIO_WritePin)
    HAL_GetTick                              0x08000e01   Thumb Code     6  stm32f1xx_hal.o(i.HAL_GetTick)
    HAL_IncTick                              0x08000e0d   Thumb Code    12  stm32f1xx_hal.o(i.HAL_IncTick)
    HAL_Init                                 0x08000e1d   Thumb Code    32  stm32f1xx_hal.o(i.HAL_Init)
    HAL_InitTick                             0x08000e41   Thumb Code    54  stm32f1xx_hal.o(i.HAL_InitTick)
    HAL_MspInit                              0x08000e81   Thumb Code    52  stm32f1xx_hal_msp.o(i.HAL_MspInit)
    HAL_NVIC_DisableIRQ                      0x08000ebd   Thumb Code    34  stm32f1xx_hal_cortex.o(i.HAL_NVIC_DisableIRQ)
    HAL_NVIC_EnableIRQ                       0x08000edf   Thumb Code    26  stm32f1xx_hal_cortex.o(i.HAL_NVIC_EnableIRQ)
    HAL_NVIC_SetPriority                     0x08000ef9   Thumb Code    60  stm32f1xx_hal_cortex.o(i.HAL_NVIC_SetPriority)
    HAL_NVIC_SetPriorityGrouping             0x08000f39   Thumb Code    26  stm32f1xx_hal_cortex.o(i.HAL_NVIC_SetPriorityGrouping)
    HAL_RCC_ClockConfig                      0x08000f5d   Thumb Code   280  stm32f1xx_hal_rcc.o(i.HAL_RCC_ClockConfig)
    HAL_RCC_GetPCLK1Freq                     0x08001089   Thumb Code    20  stm32f1xx_hal_rcc.o(i.HAL_RCC_GetPCLK1Freq)
    HAL_RCC_GetPCLK2Freq                     0x080010a9   Thumb Code    20  stm32f1xx_hal_rcc.o(i.HAL_RCC_GetPCLK2Freq)
    HAL_RCC_GetSysClockFreq                  0x080010c9   Thumb Code    74  stm32f1xx_hal_rcc.o(i.HAL_RCC_GetSysClockFreq)
    HAL_RCC_OscConfig                        0x08001135   Thumb Code   778  stm32f1xx_hal_rcc.o(i.HAL_RCC_OscConfig)
    HAL_SPI_Init                             0x08001455   Thumb Code   178  stm32f1xx_hal_spi.o(i.HAL_SPI_Init)
    HAL_SPI_MspInit                          0x08001509   Thumb Code    94  spi.o(i.HAL_SPI_MspInit)
    HAL_SPI_Transmit                         0x08001579   Thumb Code   358  stm32f1xx_hal_spi.o(i.HAL_SPI_Transmit)
    HAL_SYSTICK_Config                       0x080016df   Thumb Code    40  stm32f1xx_hal_cortex.o(i.HAL_SYSTICK_Config)
    HAL_TIMEx_BreakCallback                  0x08001707   Thumb Code     2  stm32f1xx_hal_tim_ex.o(i.HAL_TIMEx_BreakCallback)
    HAL_TIMEx_CommutCallback                 0x08001709   Thumb Code     2  stm32f1xx_hal_tim_ex.o(i.HAL_TIMEx_CommutCallback)
    HAL_TIMEx_MasterConfigSynchronization    0x0800170d   Thumb Code   104  stm32f1xx_hal_tim_ex.o(i.HAL_TIMEx_MasterConfigSynchronization)
    HAL_TIM_Base_Init                        0x08001789   Thumb Code    90  stm32f1xx_hal_tim.o(i.HAL_TIM_Base_Init)
    HAL_TIM_Base_MspInit                     0x080017e5   Thumb Code    50  tim.o(i.HAL_TIM_Base_MspInit)
    HAL_TIM_ConfigClockSource                0x08001821   Thumb Code   214  stm32f1xx_hal_tim.o(i.HAL_TIM_ConfigClockSource)
    HAL_TIM_Encoder_Init                     0x080018f7   Thumb Code   164  stm32f1xx_hal_tim.o(i.HAL_TIM_Encoder_Init)
    HAL_TIM_Encoder_MspInit                  0x0800199d   Thumb Code   114  tim.o(i.HAL_TIM_Encoder_MspInit)
    HAL_TIM_Encoder_Start                    0x08001a21   Thumb Code   142  stm32f1xx_hal_tim.o(i.HAL_TIM_Encoder_Start)
    HAL_TIM_IC_CaptureCallback               0x08001aaf   Thumb Code     2  stm32f1xx_hal_tim.o(i.HAL_TIM_IC_CaptureCallback)
    HAL_TIM_IRQHandler                       0x08001ab1   Thumb Code   358  stm32f1xx_hal_tim.o(i.HAL_TIM_IRQHandler)
    HAL_TIM_MspPostInit                      0x08001c19   Thumb Code    64  tim.o(i.HAL_TIM_MspPostInit)
    HAL_TIM_OC_DelayElapsedCallback          0x08001c65   Thumb Code     2  stm32f1xx_hal_tim.o(i.HAL_TIM_OC_DelayElapsedCallback)
    HAL_TIM_PWM_ConfigChannel                0x08001c67   Thumb Code   198  stm32f1xx_hal_tim.o(i.HAL_TIM_PWM_ConfigChannel)
    HAL_TIM_PWM_Init                         0x08001d2d   Thumb Code    90  stm32f1xx_hal_tim.o(i.HAL_TIM_PWM_Init)
    HAL_TIM_PWM_MspInit                      0x08001d89   Thumb Code    30  tim.o(i.HAL_TIM_PWM_MspInit)
    HAL_TIM_PWM_PulseFinishedCallback        0x08001db1   Thumb Code     2  stm32f1xx_hal_tim.o(i.HAL_TIM_PWM_PulseFinishedCallback)
    HAL_TIM_PWM_Start                        0x08001db5   Thumb Code   160  stm32f1xx_hal_tim.o(i.HAL_TIM_PWM_Start)
    HAL_TIM_PeriodElapsedCallback            0x08001e69   Thumb Code     2  stm32f1xx_hal_tim.o(i.HAL_TIM_PeriodElapsedCallback)
    HAL_TIM_TriggerCallback                  0x08001e6b   Thumb Code     2  stm32f1xx_hal_tim.o(i.HAL_TIM_TriggerCallback)
    HAL_UARTEx_RxEventCallback               0x08001e6d   Thumb Code     2  stm32f1xx_hal_uart.o(i.HAL_UARTEx_RxEventCallback)
    HAL_UART_ErrorCallback                   0x08001e6f   Thumb Code     2  stm32f1xx_hal_uart.o(i.HAL_UART_ErrorCallback)
    HAL_UART_IRQHandler                      0x08001e71   Thumb Code   520  stm32f1xx_hal_uart.o(i.HAL_UART_IRQHandler)
    HAL_UART_Init                            0x0800207d   Thumb Code    98  stm32f1xx_hal_uart.o(i.HAL_UART_Init)
    HAL_UART_MspInit                         0x080020e1   Thumb Code   300  usart.o(i.HAL_UART_MspInit)
    HAL_UART_Receive_IT                      0x08002229   Thumb Code    42  stm32f1xx_hal_uart.o(i.HAL_UART_Receive_IT)
    HAL_UART_RxCpltCallback                  0x08002255   Thumb Code    62  main.o(i.HAL_UART_RxCpltCallback)
    HAL_UART_Transmit                        0x080022a9   Thumb Code   178  stm32f1xx_hal_uart.o(i.HAL_UART_Transmit)
    HAL_UART_TxCpltCallback                  0x0800235b   Thumb Code     2  stm32f1xx_hal_uart.o(i.HAL_UART_TxCpltCallback)
    HardFault_Handler                        0x0800235d   Thumb Code     2  stm32f1xx_it.o(i.HardFault_Handler)
    LCD_Address_Set                          0x0800235f   Thumb Code    66  tftlcd.o(i.LCD_Address_Set)
    LCD_Clear                                0x080023a1   Thumb Code    18  tftlcd.o(i.LCD_Clear)
    LCD_Fill                                 0x080023b5   Thumb Code   118  tftlcd.o(i.LCD_Fill)
    LCD_Init                                 0x08002435   Thumb Code   444  tftlcd.o(i.LCD_Init)
    LCD_ShowChar                             0x08002609   Thumb Code   300  tftlcd.o(i.LCD_ShowChar)
    LCD_ShowNum                              0x08002745   Thumb Code   106  tftlcd.o(i.LCD_ShowNum)
    LCD_Write_HalfWord                       0x080027e9   Thumb Code    36  tftlcd.o(i.LCD_Write_HalfWord)
    MX_GPIO_Init                             0x08002811   Thumb Code   266  gpio.o(i.MX_GPIO_Init)
    MX_SPI1_Init                             0x08002931   Thumb Code    68  spi.o(i.MX_SPI1_Init)
    MX_TIM1_Init                             0x0800297d   Thumb Code    98  tim.o(i.MX_TIM1_Init)
    MX_TIM3_Init                             0x080029e9   Thumb Code    96  tim.o(i.MX_TIM3_Init)
    MX_TIM4_Init                             0x08002a51   Thumb Code   122  tim.o(i.MX_TIM4_Init)
    MX_TIM5_Init                             0x08002ad5   Thumb Code    96  tim.o(i.MX_TIM5_Init)
    MX_USART1_UART_Init                      0x08002b3d   Thumb Code    48  usart.o(i.MX_USART1_UART_Init)
    MX_USART2_UART_Init                      0x08002b75   Thumb Code    48  usart.o(i.MX_USART2_UART_Init)
    MX_USART3_UART_Init                      0x08002bad   Thumb Code    48  usart.o(i.MX_USART3_UART_Init)
    MemManage_Handler                        0x08002be5   Thumb Code     2  stm32f1xx_it.o(i.MemManage_Handler)
    NMI_Handler                              0x08002be7   Thumb Code     2  stm32f1xx_it.o(i.NMI_Handler)
    Openmv_Receive_Data                      0x08002be9   Thumb Code   306  openmv.o(i.Openmv_Receive_Data)
    PID_Calc                                 0x08002d25   Thumb Code   128  pid.o(i.PID_Calc)
    PendSV_Handler                           0x08002db5   Thumb Code     2  stm32f1xx_it.o(i.PendSV_Handler)
    SPI1_WriteData                           0x08002db9   Thumb Code    14  spi.o(i.SPI1_WriteData)
    SVC_Handler                              0x08002ea5   Thumb Code     2  stm32f1xx_it.o(i.SVC_Handler)
    SysTick_Handler                          0x08002ea7   Thumb Code     4  stm32f1xx_it.o(i.SysTick_Handler)
    SystemClock_Config                       0x08002eab   Thumb Code    94  main.o(i.SystemClock_Config)
    SystemInit                               0x08002f09   Thumb Code     2  system_stm32f1xx.o(i.SystemInit)
    TIM1_UP_IRQHandler                       0x08002f0d   Thumb Code     6  stm32f1xx_it.o(i.TIM1_UP_IRQHandler)
    TIM_Base_SetConfig                       0x08002f19   Thumb Code   120  stm32f1xx_hal_tim.o(i.TIM_Base_SetConfig)
    TIM_CCxChannelCmd                        0x08002fa5   Thumb Code    26  stm32f1xx_hal_tim.o(i.TIM_CCxChannelCmd)
    TIM_ETR_SetConfig                        0x08002fbf   Thumb Code    20  stm32f1xx_hal_tim.o(i.TIM_ETR_SetConfig)
    TIM_OC2_SetConfig                        0x08003045   Thumb Code    98  stm32f1xx_hal_tim.o(i.TIM_OC2_SetConfig)
    UART_Start_Receive_IT                    0x0800335d   Thumb Code    54  stm32f1xx_hal_uart.o(i.UART_Start_Receive_IT)
    USART1_IRQHandler                        0x080033f9   Thumb Code     6  stm32f1xx_it.o(i.USART1_IRQHandler)
    USART2_IRQHandler                        0x08003405   Thumb Code     6  stm32f1xx_it.o(i.USART2_IRQHandler)
    USART3_IRQHandler                        0x08003411   Thumb Code     6  stm32f1xx_it.o(i.USART3_IRQHandler)
    UsageFault_Handler                       0x0800341d   Thumb Code     2  stm32f1xx_it.o(i.UsageFault_Handler)
    __0printf                                0x08003421   Thumb Code    22  printfa.o(i.__0printf)
    __1printf                                0x08003421   Thumb Code     0  printfa.o(i.__0printf)
    __2printf                                0x08003421   Thumb Code     0  printfa.o(i.__0printf)
    __c89printf                              0x08003421   Thumb Code     0  printfa.o(i.__0printf)
    printf                                   0x08003421   Thumb Code     0  printfa.o(i.__0printf)
    __scatterload_copy                       0x08003461   Thumb Code    14  handlers.o(i.__scatterload_copy)
    __scatterload_null                       0x0800346f   Thumb Code     2  handlers.o(i.__scatterload_null)
    __scatterload_zeroinit                   0x08003471   Thumb Code    14  handlers.o(i.__scatterload_zeroinit)
    fputc                                    0x08003d35   Thumb Code    20  openmv.o(i.fputc)
    main                                     0x08003d4d   Thumb Code  1774  main.o(i.main)
    openmv_turnleft                          0x08004455   Thumb Code    82  motor.o(i.openmv_turnleft)
    openmv_turnright                         0x080044c5   Thumb Code    82  motor.o(i.openmv_turnright)
    pid_go                                   0x08004535   Thumb Code   252  motor.o(i.pid_go)
    set_go                                   0x08004681   Thumb Code    58  motor.o(i.set_go)
    set_stop                                 0x080046c9   Thumb Code    54  motor.o(i.set_stop)
    set_stright_go                           0x0800470d   Thumb Code    78  motor.o(i.set_stright_go)
    set_stright_turnleft                     0x08004769   Thumb Code   104  motor.o(i.set_stright_turnleft)
    set_stright_turnright                    0x080047e5   Thumb Code    86  motor.o(i.set_stright_turnright)
    set_turn_left                            0x0800484d   Thumb Code    56  motor.o(i.set_turn_left)
    set_turn_right                           0x08004891   Thumb Code    58  motor.o(i.set_turn_right)
    asc2_1206                                0x080048d8   Data        1140  tftlcd.o(.constdata)
    asc2_1608                                0x08004d4c   Data        1520  tftlcd.o(.constdata)
    asc2_2412                                0x0800533c   Data        4560  tftlcd.o(.constdata)
    asc2_3216                                0x0800650c   Data       12160  tftlcd.o(.constdata)
    AHBPrescTable                            0x0800948c   Data          16  system_stm32f1xx.o(.constdata)
    APBPrescTable                            0x0800949c   Data           8  system_stm32f1xx.o(.constdata)
    Region$$Table$$Base                      0x080094a4   Number         0  anon$$obj.o(Region$$Table)
    Region$$Table$$Limit                     0x080094c4   Number         0  anon$$obj.o(Region$$Table)
    kp                                       0x20000000   Data           4  pid.o(.data)
    ki                                       0x20000004   Data           4  pid.o(.data)
    kd                                       0x20000008   Data           4  pid.o(.data)
    maxOutput                                0x2000000c   Data           4  pid.o(.data)
    error                                    0x20000010   Data           4  pid.o(.data)
    lastError                                0x20000014   Data           4  pid.o(.data)
    integral                                 0x20000018   Data           4  pid.o(.data)
    output                                   0x2000001c   Data           4  pid.o(.data)
    stright_max                              0x20000020   Data           4  pid.o(.data)
    stright_normal                           0x20000024   Data           4  pid.o(.data)
    stright_min                              0x20000028   Data           4  pid.o(.data)
    dis_cross_center                         0x2000002c   Data           1  openmv.o(.data)
    dis_cross_center_2                       0x2000002d   Data           1  openmv.o(.data)
    right_flag                               0x2000002e   Data           1  openmv.o(.data)
    Travel_indication                        0x2000002f   Data           1  openmv.o(.data)
    Process_indication                       0x20000030   Data           1  openmv.o(.data)
    Turn_indication1                         0x20000031   Data           1  openmv.o(.data)
    Turn_indication2                         0x20000032   Data           1  openmv.o(.data)
    End_indication                           0x20000033   Data           1  openmv.o(.data)
    stright_or_cross                         0x2000003a   Data           1  openmv.o(.data)
    stright                                  0x2000003b   Data           1  openmv.o(.data)
    at_terminal                              0x2000003c   Data           1  openmv.o(.data)
    control                                  0x2000003d   Data           1  openmv.o(.data)
    stright_pid                              0x2000003e   Data           1  openmv.o(.data)
    Centre                                   0x2000003f   Data           1  openmv.o(.data)
    POINT_COLOR                              0x20000040   Data           2  tftlcd.o(.data)
    BACK_COLOR                               0x20000042   Data           2  tftlcd.o(.data)
    test                                     0x20000044   Data           1  main.o(.data)
    turn                                     0x20000045   Data           1  main.o(.data)
    flag_turn_go                             0x20000046   Data           1  main.o(.data)
    flag_turn                                0x20000047   Data           1  main.o(.data)
    cross                                    0x20000048   Data           1  main.o(.data)
    usart1_rxbuff                            0x20000049   Data           1  main.o(.data)
    usart3_rxbuff                            0x2000004a   Data           1  main.o(.data)
    motor_2_pwm_nomal                        0x2000004c   Data           4  main.o(.data)
    motor_1_pwm_nomal                        0x20000050   Data           4  main.o(.data)
    a                                        0x20000054   Data           4  main.o(.data)
    MotorOutput1                             0x20000058   Data           4  main.o(.data)
    MotorOutput2                             0x2000005c   Data           4  main.o(.data)
    feedbackValue                            0x20000060   Data           4  main.o(.data)
    uwTickFreq                               0x20000064   Data           1  stm32f1xx_hal.o(.data)
    uwTickPrio                               0x20000068   Data           4  stm32f1xx_hal.o(.data)
    uwTick                                   0x2000006c   Data           4  stm32f1xx_hal.o(.data)
    SystemCoreClock                          0x20000070   Data           4  system_stm32f1xx.o(.data)
    __stdout                                 0x20000074   Data           4  stdout.o(.data)
    hspi1                                    0x20000534   Data          88  spi.o(.bss)
    htim1                                    0x2000058c   Data          72  tim.o(.bss)
    htim3                                    0x200005d4   Data          72  tim.o(.bss)
    htim4                                    0x2000061c   Data          72  tim.o(.bss)
    htim5                                    0x20000664   Data          72  tim.o(.bss)
    huart1                                   0x200006ac   Data          68  usart.o(.bss)
    huart2                                   0x200006f0   Data          68  usart.o(.bss)
    huart3                                   0x20000734   Data          68  usart.o(.bss)
    __initial_sp                             0x20000b78   Data           0  startup_stm32f103xe.o(STACK)



==============================================================================

Memory Map of the image

  Image Entry point : 0x08000131

  Load Region LR_IROM1 (Base: 0x08000000, Size: 0x0000953c, Max: 0x00080000, ABSOLUTE)

    Execution Region ER_IROM1 (Base: 0x08000000, Size: 0x000094c4, Max: 0x00080000, ABSOLUTE)

    Base Addr    Size         Type   Attr      Idx    E Section Name        Object

    0x08000000   0x00000130   Data   RO            3    RESET               startup_stm32f103xe.o
    0x08000130   0x00000000   Code   RO         3584  * .ARM.Collect$$$$00000000  mc_w.l(entry.o)
    0x08000130   0x00000004   Code   RO         3870    .ARM.Collect$$$$00000001  mc_w.l(entry2.o)
    0x08000134   0x00000004   Code   RO         3873    .ARM.Collect$$$$00000004  mc_w.l(entry5.o)
    0x08000138   0x00000000   Code   RO         3875    .ARM.Collect$$$$00000008  mc_w.l(entry7b.o)
    0x08000138   0x00000000   Code   RO         3877    .ARM.Collect$$$$0000000A  mc_w.l(entry8b.o)
    0x08000138   0x00000008   Code   RO         3878    .ARM.Collect$$$$0000000B  mc_w.l(entry9a.o)
    0x08000140   0x00000000   Code   RO         3880    .ARM.Collect$$$$0000000D  mc_w.l(entry10a.o)
    0x08000140   0x00000000   Code   RO         3882    .ARM.Collect$$$$0000000F  mc_w.l(entry11a.o)
    0x08000140   0x00000004   Code   RO         3871    .ARM.Collect$$$$00002712  mc_w.l(entry2.o)
    0x08000144   0x00000024   Code   RO            4    .text               startup_stm32f103xe.o
    0x08000168   0x00000020   Code   RO         3587    .text               mc_w.l(llushr.o)
    0x08000188   0x00000024   Code   RO         3589    .text               mc_w.l(memseta.o)
    0x080001ac   0x000000b0   Code   RO         3852    .text               mf_w.l(fadd.o)
    0x0800025c   0x00000064   Code   RO         3854    .text               mf_w.l(fmul.o)
    0x080002c0   0x00000012   Code   RO         3856    .text               mf_w.l(fflti.o)
    0x080002d2   0x0000000a   Code   RO         3858    .text               mf_w.l(ffltui.o)
    0x080002dc   0x00000032   Code   RO         3860    .text               mf_w.l(ffixi.o)
    0x0800030e   0x00000028   Code   RO         3862    .text               mf_w.l(ffixui.o)
    0x08000336   0x00000026   Code   RO         3864    .text               mf_w.l(f2d.o)
    0x0800035c   0x00000014   Code   RO         3866    .text               mf_w.l(cfcmple.o)
    0x08000370   0x00000014   Code   RO         3868    .text               mf_w.l(cfrcmple.o)
    0x08000384   0x0000002c   Code   RO         3885    .text               mc_w.l(uidiv.o)
    0x080003b0   0x00000062   Code   RO         3887    .text               mc_w.l(uldiv.o)
    0x08000412   0x00000000   Code   RO         3889    .text               mc_w.l(iusefp.o)
    0x08000412   0x0000006e   Code   RO         3890    .text               mf_w.l(fepilogue.o)
    0x08000480   0x0000014e   Code   RO         3892    .text               mf_w.l(dadd.o)
    0x080005ce   0x000000e4   Code   RO         3894    .text               mf_w.l(dmul.o)
    0x080006b2   0x000000de   Code   RO         3896    .text               mf_w.l(ddiv.o)
    0x08000790   0x00000030   Code   RO         3898    .text               mf_w.l(dfixul.o)
    0x080007c0   0x00000030   Code   RO         3900    .text               mf_w.l(cdrcmple.o)
    0x080007f0   0x00000024   Code   RO         3902    .text               mc_w.l(init.o)
    0x08000814   0x0000001e   Code   RO         3904    .text               mc_w.l(llshl.o)
    0x08000832   0x00000024   Code   RO         3906    .text               mc_w.l(llsshr.o)
    0x08000856   0x000000ba   Code   RO         3908    .text               mf_w.l(depilogue.o)
    0x08000910   0x00000104   Code   RO          244    i.Bluetooth_Receive_Data  openmv.o
    0x08000a14   0x00000002   Code   RO          750    i.BusFault_Handler  stm32f1xx_it.o
    0x08000a16   0x00000002   Code   RO          751    i.DebugMon_Handler  stm32f1xx_it.o
    0x08000a18   0x00000008   Code   RO          752    i.EXTI15_10_IRQHandler  stm32f1xx_it.o
    0x08000a20   0x00000006   Code   RO          753    i.EXTI3_IRQHandler  stm32f1xx_it.o
    0x08000a26   0x00000004   Code   RO          455    i.Error_Handler     main.o
    0x08000a2a   0x00000046   Code   RO         1623    i.HAL_DMA_Abort     stm32f1xx_hal_dma.o
    0x08000a70   0x00000130   Code   RO         1624    i.HAL_DMA_Abort_IT  stm32f1xx_hal_dma.o
    0x08000ba0   0x00000024   Code   RO         1251    i.HAL_Delay         stm32f1xx_hal.o
    0x08000bc4   0x00000018   Code   RO          456    i.HAL_GPIO_EXTI_Callback  main.o
    0x08000bdc   0x00000018   Code   RO         1558    i.HAL_GPIO_EXTI_IRQHandler  stm32f1xx_hal_gpio.o
    0x08000bf4   0x000001f8   Code   RO         1559    i.HAL_GPIO_Init     stm32f1xx_hal_gpio.o
    0x08000dec   0x0000000a   Code   RO         1561    i.HAL_GPIO_ReadPin  stm32f1xx_hal_gpio.o
    0x08000df6   0x0000000a   Code   RO         1563    i.HAL_GPIO_WritePin  stm32f1xx_hal_gpio.o
    0x08000e00   0x0000000c   Code   RO         1255    i.HAL_GetTick       stm32f1xx_hal.o
    0x08000e0c   0x00000010   Code   RO         1261    i.HAL_IncTick       stm32f1xx_hal.o
    0x08000e1c   0x00000024   Code   RO         1262    i.HAL_Init          stm32f1xx_hal.o
    0x08000e40   0x00000040   Code   RO         1263    i.HAL_InitTick      stm32f1xx_hal.o
    0x08000e80   0x0000003c   Code   RO          862    i.HAL_MspInit       stm32f1xx_hal_msp.o
    0x08000ebc   0x00000022   Code   RO         1718    i.HAL_NVIC_DisableIRQ  stm32f1xx_hal_cortex.o
    0x08000ede   0x0000001a   Code   RO         1719    i.HAL_NVIC_EnableIRQ  stm32f1xx_hal_cortex.o
    0x08000ef8   0x00000040   Code   RO         1725    i.HAL_NVIC_SetPriority  stm32f1xx_hal_cortex.o
    0x08000f38   0x00000024   Code   RO         1726    i.HAL_NVIC_SetPriorityGrouping  stm32f1xx_hal_cortex.o
    0x08000f5c   0x0000012c   Code   RO         1419    i.HAL_RCC_ClockConfig  stm32f1xx_hal_rcc.o
    0x08001088   0x00000020   Code   RO         1426    i.HAL_RCC_GetPCLK1Freq  stm32f1xx_hal_rcc.o
    0x080010a8   0x00000020   Code   RO         1427    i.HAL_RCC_GetPCLK2Freq  stm32f1xx_hal_rcc.o
    0x080010c8   0x0000006c   Code   RO         1428    i.HAL_RCC_GetSysClockFreq  stm32f1xx_hal_rcc.o
    0x08001134   0x00000320   Code   RO         1431    i.HAL_RCC_OscConfig  stm32f1xx_hal_rcc.o
    0x08001454   0x000000b2   Code   RO          933    i.HAL_SPI_Init      stm32f1xx_hal_spi.o
    0x08001506   0x00000002   PAD
    0x08001508   0x00000070   Code   RO          553    i.HAL_SPI_MspInit   spi.o
    0x08001578   0x00000166   Code   RO          941    i.HAL_SPI_Transmit  stm32f1xx_hal_spi.o
    0x080016de   0x00000028   Code   RO         1730    i.HAL_SYSTICK_Config  stm32f1xx_hal_cortex.o
    0x08001706   0x00000002   Code   RO         2925    i.HAL_TIMEx_BreakCallback  stm32f1xx_hal_tim_ex.o
    0x08001708   0x00000002   Code   RO         2926    i.HAL_TIMEx_CommutCallback  stm32f1xx_hal_tim_ex.o
    0x0800170a   0x00000002   PAD
    0x0800170c   0x0000007c   Code   RO         2944    i.HAL_TIMEx_MasterConfigSynchronization  stm32f1xx_hal_tim_ex.o
    0x08001788   0x0000005a   Code   RO         2221    i.HAL_TIM_Base_Init  stm32f1xx_hal_tim.o
    0x080017e2   0x00000002   PAD
    0x080017e4   0x0000003c   Code   RO          607    i.HAL_TIM_Base_MspInit  tim.o
    0x08001820   0x000000d6   Code   RO         2230    i.HAL_TIM_ConfigClockSource  stm32f1xx_hal_tim.o
    0x080018f6   0x000000a4   Code   RO         2242    i.HAL_TIM_Encoder_Init  stm32f1xx_hal_tim.o
    0x0800199a   0x00000002   PAD
    0x0800199c   0x00000084   Code   RO          609    i.HAL_TIM_Encoder_MspInit  tim.o
    0x08001a20   0x0000008e   Code   RO         2245    i.HAL_TIM_Encoder_Start  stm32f1xx_hal_tim.o
    0x08001aae   0x00000002   Code   RO         2255    i.HAL_TIM_IC_CaptureCallback  stm32f1xx_hal_tim.o
    0x08001ab0   0x00000166   Code   RO         2269    i.HAL_TIM_IRQHandler  stm32f1xx_hal_tim.o
    0x08001c16   0x00000002   PAD
    0x08001c18   0x0000004c   Code   RO          610    i.HAL_TIM_MspPostInit  tim.o
    0x08001c64   0x00000002   Code   RO         2272    i.HAL_TIM_OC_DelayElapsedCallback  stm32f1xx_hal_tim.o
    0x08001c66   0x000000c6   Code   RO         2293    i.HAL_TIM_PWM_ConfigChannel  stm32f1xx_hal_tim.o
    0x08001d2c   0x0000005a   Code   RO         2296    i.HAL_TIM_PWM_Init  stm32f1xx_hal_tim.o
    0x08001d86   0x00000002   PAD
    0x08001d88   0x00000028   Code   RO          612    i.HAL_TIM_PWM_MspInit  tim.o
    0x08001db0   0x00000002   Code   RO         2299    i.HAL_TIM_PWM_PulseFinishedCallback  stm32f1xx_hal_tim.o
    0x08001db2   0x00000002   PAD
    0x08001db4   0x000000b4   Code   RO         2301    i.HAL_TIM_PWM_Start  stm32f1xx_hal_tim.o
    0x08001e68   0x00000002   Code   RO         2307    i.HAL_TIM_PeriodElapsedCallback  stm32f1xx_hal_tim.o
    0x08001e6a   0x00000002   Code   RO         2312    i.HAL_TIM_TriggerCallback  stm32f1xx_hal_tim.o
    0x08001e6c   0x00000002   Code   RO         3203    i.HAL_UARTEx_RxEventCallback  stm32f1xx_hal_uart.o
    0x08001e6e   0x00000002   Code   RO         3217    i.HAL_UART_ErrorCallback  stm32f1xx_hal_uart.o
    0x08001e70   0x0000020c   Code   RO         3220    i.HAL_UART_IRQHandler  stm32f1xx_hal_uart.o
    0x0800207c   0x00000062   Code   RO         3221    i.HAL_UART_Init     stm32f1xx_hal_uart.o
    0x080020de   0x00000002   PAD
    0x080020e0   0x00000148   Code   RO          697    i.HAL_UART_MspInit  usart.o
    0x08002228   0x0000002a   Code   RO         3226    i.HAL_UART_Receive_IT  stm32f1xx_hal_uart.o
    0x08002252   0x00000002   PAD
    0x08002254   0x00000054   Code   RO          457    i.HAL_UART_RxCpltCallback  main.o
    0x080022a8   0x000000b2   Code   RO         3229    i.HAL_UART_Transmit  stm32f1xx_hal_uart.o
    0x0800235a   0x00000002   Code   RO         3232    i.HAL_UART_TxCpltCallback  stm32f1xx_hal_uart.o
    0x0800235c   0x00000002   Code   RO          754    i.HardFault_Handler  stm32f1xx_it.o
    0x0800235e   0x00000042   Code   RO          295    i.LCD_Address_Set   tftlcd.o
    0x080023a0   0x00000012   Code   RO          296    i.LCD_Clear         tftlcd.o
    0x080023b2   0x00000002   PAD
    0x080023b4   0x00000080   Code   RO          305    i.LCD_Fill          tftlcd.o
    0x08002434   0x000001c0   Code   RO          306    i.LCD_Init          tftlcd.o
    0x080025f4   0x00000010   Code   RO          307    i.LCD_Pow           tftlcd.o
    0x08002604   0x00000004   Code   RO          308    i.LCD_SPI_Send      tftlcd.o
    0x08002608   0x0000013c   Code   RO          309    i.LCD_ShowChar      tftlcd.o
    0x08002744   0x0000006a   Code   RO          310    i.LCD_ShowNum       tftlcd.o
    0x080027ae   0x00000002   PAD
    0x080027b0   0x0000001c   Code   RO          314    i.LCD_Write_Cmd     tftlcd.o
    0x080027cc   0x0000001c   Code   RO          315    i.LCD_Write_Data    tftlcd.o
    0x080027e8   0x00000028   Code   RO          316    i.LCD_Write_HalfWord  tftlcd.o
    0x08002810   0x00000120   Code   RO          528    i.MX_GPIO_Init      gpio.o
    0x08002930   0x0000004c   Code   RO          554    i.MX_SPI1_Init      spi.o
    0x0800297c   0x0000006c   Code   RO          613    i.MX_TIM1_Init      tim.o
    0x080029e8   0x00000068   Code   RO          614    i.MX_TIM3_Init      tim.o
    0x08002a50   0x00000084   Code   RO          615    i.MX_TIM4_Init      tim.o
    0x08002ad4   0x00000068   Code   RO          616    i.MX_TIM5_Init      tim.o
    0x08002b3c   0x00000038   Code   RO          698    i.MX_USART1_UART_Init  usart.o
    0x08002b74   0x00000038   Code   RO          699    i.MX_USART2_UART_Init  usart.o
    0x08002bac   0x00000038   Code   RO          700    i.MX_USART3_UART_Init  usart.o
    0x08002be4   0x00000002   Code   RO          755    i.MemManage_Handler  stm32f1xx_it.o
    0x08002be6   0x00000002   Code   RO          756    i.NMI_Handler       stm32f1xx_it.o
    0x08002be8   0x0000013c   Code   RO          245    i.Openmv_Receive_Data  openmv.o
    0x08002d24   0x00000090   Code   RO           13    i.PID_Calc          pid.o
    0x08002db4   0x00000002   Code   RO          757    i.PendSV_Handler    stm32f1xx_it.o
    0x08002db6   0x00000002   PAD
    0x08002db8   0x00000014   Code   RO          556    i.SPI1_WriteData    spi.o
    0x08002dcc   0x00000020   Code   RO          971    i.SPI_EndRxTxTransaction  stm32f1xx_hal_spi.o
    0x08002dec   0x000000b8   Code   RO          976    i.SPI_WaitFlagStateUntilTimeout  stm32f1xx_hal_spi.o
    0x08002ea4   0x00000002   Code   RO          758    i.SVC_Handler       stm32f1xx_it.o
    0x08002ea6   0x00000004   Code   RO          759    i.SysTick_Handler   stm32f1xx_it.o
    0x08002eaa   0x0000005e   Code   RO          458    i.SystemClock_Config  main.o
    0x08002f08   0x00000002   Code   RO         3550    i.SystemInit        system_stm32f1xx.o
    0x08002f0a   0x00000002   PAD
    0x08002f0c   0x0000000c   Code   RO          760    i.TIM1_UP_IRQHandler  stm32f1xx_it.o
    0x08002f18   0x0000008c   Code   RO         2314    i.TIM_Base_SetConfig  stm32f1xx_hal_tim.o
    0x08002fa4   0x0000001a   Code   RO         2315    i.TIM_CCxChannelCmd  stm32f1xx_hal_tim.o
    0x08002fbe   0x00000014   Code   RO         2325    i.TIM_ETR_SetConfig  stm32f1xx_hal_tim.o
    0x08002fd2   0x00000010   Code   RO         2326    i.TIM_ITRx_SetConfig  stm32f1xx_hal_tim.o
    0x08002fe2   0x00000002   PAD
    0x08002fe4   0x00000060   Code   RO         2327    i.TIM_OC1_SetConfig  stm32f1xx_hal_tim.o
    0x08003044   0x0000006c   Code   RO         2328    i.TIM_OC2_SetConfig  stm32f1xx_hal_tim.o
    0x080030b0   0x00000068   Code   RO         2329    i.TIM_OC3_SetConfig  stm32f1xx_hal_tim.o
    0x08003118   0x00000050   Code   RO         2330    i.TIM_OC4_SetConfig  stm32f1xx_hal_tim.o
    0x08003168   0x00000022   Code   RO         2332    i.TIM_TI1_ConfigInputStage  stm32f1xx_hal_tim.o
    0x0800318a   0x00000024   Code   RO         2334    i.TIM_TI2_ConfigInputStage  stm32f1xx_hal_tim.o
    0x080031ae   0x00000010   Code   RO         3234    i.UART_DMAAbortOnError  stm32f1xx_hal_uart.o
    0x080031be   0x00000030   Code   RO         3244    i.UART_EndRxTransfer  stm32f1xx_hal_uart.o
    0x080031ee   0x000000b6   Code   RO         3246    i.UART_Receive_IT   stm32f1xx_hal_uart.o
    0x080032a4   0x000000b8   Code   RO         3247    i.UART_SetConfig    stm32f1xx_hal_uart.o
    0x0800335c   0x00000036   Code   RO         3249    i.UART_Start_Receive_IT  stm32f1xx_hal_uart.o
    0x08003392   0x00000064   Code   RO         3250    i.UART_WaitOnFlagUntilTimeout  stm32f1xx_hal_uart.o
    0x080033f6   0x00000002   PAD
    0x080033f8   0x0000000c   Code   RO          761    i.USART1_IRQHandler  stm32f1xx_it.o
    0x08003404   0x0000000c   Code   RO          762    i.USART2_IRQHandler  stm32f1xx_it.o
    0x08003410   0x0000000c   Code   RO          763    i.USART3_IRQHandler  stm32f1xx_it.o
    0x0800341c   0x00000002   Code   RO          764    i.UsageFault_Handler  stm32f1xx_it.o
    0x0800341e   0x00000002   PAD
    0x08003420   0x00000020   Code   RO         3824    i.__0printf         mc_w.l(printfa.o)
    0x08003440   0x00000020   Code   RO         1732    i.__NVIC_SetPriority  stm32f1xx_hal_cortex.o
    0x08003460   0x0000000e   Code   RO         3912    i.__scatterload_copy  mc_w.l(handlers.o)
    0x0800346e   0x00000002   Code   RO         3913    i.__scatterload_null  mc_w.l(handlers.o)
    0x08003470   0x0000000e   Code   RO         3914    i.__scatterload_zeroinit  mc_w.l(handlers.o)
    0x0800347e   0x00000002   PAD
    0x08003480   0x00000184   Code   RO         3831    i._fp_digits        mc_w.l(printfa.o)
    0x08003604   0x000006dc   Code   RO         3832    i._printf_core      mc_w.l(printfa.o)
    0x08003ce0   0x00000024   Code   RO         3833    i._printf_post_padding  mc_w.l(printfa.o)
    0x08003d04   0x0000002e   Code   RO         3834    i._printf_pre_padding  mc_w.l(printfa.o)
    0x08003d32   0x00000002   PAD
    0x08003d34   0x00000018   Code   RO          247    i.fputc             openmv.o
    0x08003d4c   0x00000708   Code   RO          459    i.main              main.o
    0x08004454   0x00000070   Code   RO          151    i.openmv_turnleft   motor.o
    0x080044c4   0x00000070   Code   RO          152    i.openmv_turnright  motor.o
    0x08004534   0x0000014c   Code   RO          153    i.pid_go            motor.o
    0x08004680   0x00000048   Code   RO          154    i.set_go            motor.o
    0x080046c8   0x00000044   Code   RO          155    i.set_stop          motor.o
    0x0800470c   0x0000005c   Code   RO          156    i.set_stright_go    motor.o
    0x08004768   0x0000007c   Code   RO          157    i.set_stright_turnleft  motor.o
    0x080047e4   0x00000068   Code   RO          158    i.set_stright_turnright  motor.o
    0x0800484c   0x00000044   Code   RO          159    i.set_turn_left     motor.o
    0x08004890   0x00000048   Code   RO          160    i.set_turn_right    motor.o
    0x080048d8   0x00004bb4   Data   RO          318    .constdata          tftlcd.o
    0x0800948c   0x00000010   Data   RO         3551    .constdata          system_stm32f1xx.o
    0x0800949c   0x00000008   Data   RO         3552    .constdata          system_stm32f1xx.o
    0x080094a4   0x00000020   Data   RO         3910    Region$$Table       anon$$obj.o


    Execution Region RW_IRAM1 (Base: 0x20000000, Size: 0x00000b78, Max: 0x00010000, ABSOLUTE)

    Base Addr    Size         Type   Attr      Idx    E Section Name        Object

    0x20000000   0x00000020   Data   RW           14    .data               pid.o
    0x20000020   0x00000004   Data   RW           15    .data               pid.o
    0x20000024   0x00000004   Data   RW           16    .data               pid.o
    0x20000028   0x00000004   Data   RW           17    .data               pid.o
    0x2000002c   0x00000014   Data   RW          249    .data               openmv.o
    0x20000040   0x00000004   Data   RW          319    .data               tftlcd.o
    0x20000044   0x00000020   Data   RW          461    .data               main.o
    0x20000064   0x0000000c   Data   RW         1269    .data               stm32f1xx_hal.o
    0x20000070   0x00000004   Data   RW         3553    .data               system_stm32f1xx.o
    0x20000074   0x00000004   Data   RW         3884    .data               mc_w.l(stdout.o)
    0x20000078   0x0000003c   Zero   RW          248    .bss                openmv.o
    0x200000b4   0x00000480   Zero   RW          317    .bss                tftlcd.o
    0x20000534   0x00000058   Zero   RW          557    .bss                spi.o
    0x2000058c   0x00000120   Zero   RW          617    .bss                tim.o
    0x200006ac   0x000000cc   Zero   RW          701    .bss                usart.o
    0x20000778   0x00000400   Zero   RW            1    STACK               startup_stm32f103xe.o


==============================================================================

Image component sizes


      Code (inc. data)   RO Data    RW Data    ZI Data      Debug   Object Name

       288         22          0          0          0        971   gpio.o
      2006        140          0         32          0       5606   main.o
      1156        246          0          0          0       5131   motor.o
       600         24          0         20         60       3053   openmv.o
       144         16          0         44          0     495496   pid.o
       208         32          0          0         88       2062   spi.o
        36          8        304          0       1024        776   startup_stm32f103xe.o
       164         28          0         12          0       6305   stm32f1xx_hal.o
       232         14          0          0          0      29429   stm32f1xx_hal_cortex.o
       374          8          0          0          0       1759   stm32f1xx_hal_dma.o
       548         48          0          0          0       3998   stm32f1xx_hal_gpio.o
        60          8          0          0          0        818   stm32f1xx_hal_msp.o
      1272        100          0          0          0       5044   stm32f1xx_hal_rcc.o
       752          4          0          0          0       4270   stm32f1xx_hal_spi.o
      2106         76          0          0          0      16719   stm32f1xx_hal_tim.o
       128         20          0          0          0       2273   stm32f1xx_hal_tim_ex.o
      1432         10          0          0          0      10180   stm32f1xx_hal_uart.o
        82         24          0          0          0       6109   stm32f1xx_it.o
         2          0         24          4          0       1043   system_stm32f1xx.o
      1198         46      19380          4       1152       8186   tftlcd.o
       756         86          0          0        288       5159   tim.o
       496         52          0          0        204       2936   usart.o

    ----------------------------------------------------------------------
     14072       1012      19740        116       2816     617323   Object Totals
         0          0         32          0          0          0   (incl. Generated)
        32          0          0          0          0          0   (incl. Padding)

    ----------------------------------------------------------------------

      Code (inc. data)   RO Data    RW Data    ZI Data      Debug   Library Member Name

         0          0          0          0          0          0   entry.o
         0          0          0          0          0          0   entry10a.o
         0          0          0          0          0          0   entry11a.o
         8          4          0          0          0          0   entry2.o
         4          0          0          0          0          0   entry5.o
         0          0          0          0          0          0   entry7b.o
         0          0          0          0          0          0   entry8b.o
         8          4          0          0          0          0   entry9a.o
        30          0          0          0          0          0   handlers.o
        36          8          0          0          0         68   init.o
         0          0          0          0          0          0   iusefp.o
        30          0          0          0          0         68   llshl.o
        36          0          0          0          0         68   llsshr.o
        32          0          0          0          0         68   llushr.o
        36          0          0          0          0        108   memseta.o
      2258         90          0          0          0        452   printfa.o
         0          0          0          4          0          0   stdout.o
        44          0          0          0          0         80   uidiv.o
        98          0          0          0          0         92   uldiv.o
        48          0          0          0          0         68   cdrcmple.o
        20          0          0          0          0         68   cfcmple.o
        20          0          0          0          0         68   cfrcmple.o
       334          0          0          0          0        148   dadd.o
       222          0          0          0          0        100   ddiv.o
       186          0          0          0          0        176   depilogue.o
        48          0          0          0          0         68   dfixul.o
       228          0          0          0          0         96   dmul.o
        38          0          0          0          0         68   f2d.o
       176          0          0          0          0        140   fadd.o
       110          0          0          0          0        168   fepilogue.o
        50          0          0          0          0         68   ffixi.o
        40          0          0          0          0         68   ffixui.o
        18          0          0          0          0         68   fflti.o
        10          0          0          0          0         68   ffltui.o
       100          0          0          0          0         76   fmul.o

    ----------------------------------------------------------------------
      4272        106          0          4          0       2520   Library Totals
         4          0          0          0          0          0   (incl. Padding)

    ----------------------------------------------------------------------

      Code (inc. data)   RO Data    RW Data    ZI Data      Debug   Library Name

      2620        106          0          4          0       1004   mc_w.l
      1648          0          0          0          0       1516   mf_w.l

    ----------------------------------------------------------------------
      4272        106          0          4          0       2520   Library Totals

    ----------------------------------------------------------------------

==============================================================================


      Code (inc. data)   RO Data    RW Data    ZI Data      Debug   

     18344       1118      19740        120       2816     612143   Grand Totals
     18344       1118      19740        120       2816     612143   ELF Image Totals
     18344       1118      19740        120          0          0   ROM Totals

==============================================================================

    Total RO  Size (Code + RO Data)                38084 (  37.19kB)
    Total RW  Size (RW Data + ZI Data)              2936 (   2.87kB)
    Total ROM Size (Code + RO Data + RW Data)      38204 (  37.31kB)

==============================================================================

